Archive member included to satisfy reference by file (symbol)

c:/st/stm32cubeide_1.1.0/stm32cubeide/plugins/com.st.stm32cube.ide.mcu.externaltools.gnu-tools-for-stm32.7-2018-q2-update.win32_1.4.0.202007081208/tools/bin/../lib/gcc/arm-none-eabi/7.3.1/../../../../arm-none-eabi/lib/thumb/v7e-m/fpv4-sp/hard\libc_nano.a(lib_a-errno.o)
                              Core/Src/syscalls.o (__errno)
c:/st/stm32cubeide_1.1.0/stm32cubeide/plugins/com.st.stm32cube.ide.mcu.externaltools.gnu-tools-for-stm32.7-2018-q2-update.win32_1.4.0.202007081208/tools/bin/../lib/gcc/arm-none-eabi/7.3.1/../../../../arm-none-eabi/lib/thumb/v7e-m/fpv4-sp/hard\libc_nano.a(lib_a-exit.o)
                              c:/st/stm32cubeide_1.1.0/stm32cubeide/plugins/com.st.stm32cube.ide.mcu.externaltools.gnu-tools-for-stm32.7-2018-q2-update.win32_1.4.0.202007081208/tools/bin/../lib/gcc/arm-none-eabi/7.3.1/../../../../arm-none-eabi/lib/thumb/v7e-m/fpv4-sp/hard/crt0.o (exit)
c:/st/stm32cubeide_1.1.0/stm32cubeide/plugins/com.st.stm32cube.ide.mcu.externaltools.gnu-tools-for-stm32.7-2018-q2-update.win32_1.4.0.202007081208/tools/bin/../lib/gcc/arm-none-eabi/7.3.1/../../../../arm-none-eabi/lib/thumb/v7e-m/fpv4-sp/hard\libc_nano.a(lib_a-impure.o)
                              c:/st/stm32cubeide_1.1.0/stm32cubeide/plugins/com.st.stm32cube.ide.mcu.externaltools.gnu-tools-for-stm32.7-2018-q2-update.win32_1.4.0.202007081208/tools/bin/../lib/gcc/arm-none-eabi/7.3.1/../../../../arm-none-eabi/lib/thumb/v7e-m/fpv4-sp/hard\libc_nano.a(lib_a-exit.o) (_global_impure_ptr)
c:/st/stm32cubeide_1.1.0/stm32cubeide/plugins/com.st.stm32cube.ide.mcu.externaltools.gnu-tools-for-stm32.7-2018-q2-update.win32_1.4.0.202007081208/tools/bin/../lib/gcc/arm-none-eabi/7.3.1/../../../../arm-none-eabi/lib/thumb/v7e-m/fpv4-sp/hard\libc_nano.a(lib_a-init.o)
                              c:/st/stm32cubeide_1.1.0/stm32cubeide/plugins/com.st.stm32cube.ide.mcu.externaltools.gnu-tools-for-stm32.7-2018-q2-update.win32_1.4.0.202007081208/tools/bin/../lib/gcc/arm-none-eabi/7.3.1/../../../../arm-none-eabi/lib/thumb/v7e-m/fpv4-sp/hard/crt0.o (__libc_init_array)
c:/st/stm32cubeide_1.1.0/stm32cubeide/plugins/com.st.stm32cube.ide.mcu.externaltools.gnu-tools-for-stm32.7-2018-q2-update.win32_1.4.0.202007081208/tools/bin/../lib/gcc/arm-none-eabi/7.3.1/../../../../arm-none-eabi/lib/thumb/v7e-m/fpv4-sp/hard\libc_nano.a(lib_a-memcpy-stub.o)
                              Middlewares/Third_Party/FreeRTOS/Source/CMSIS_RTOS_V2/cmsis_os2.o (memcpy)
c:/st/stm32cubeide_1.1.0/stm32cubeide/plugins/com.st.stm32cube.ide.mcu.externaltools.gnu-tools-for-stm32.7-2018-q2-update.win32_1.4.0.202007081208/tools/bin/../lib/gcc/arm-none-eabi/7.3.1/../../../../arm-none-eabi/lib/thumb/v7e-m/fpv4-sp/hard\libc_nano.a(lib_a-memset.o)
                              c:/st/stm32cubeide_1.1.0/stm32cubeide/plugins/com.st.stm32cube.ide.mcu.externaltools.gnu-tools-for-stm32.7-2018-q2-update.win32_1.4.0.202007081208/tools/bin/../lib/gcc/arm-none-eabi/7.3.1/../../../../arm-none-eabi/lib/thumb/v7e-m/fpv4-sp/hard/crt0.o (memset)
c:/st/stm32cubeide_1.1.0/stm32cubeide/plugins/com.st.stm32cube.ide.mcu.externaltools.gnu-tools-for-stm32.7-2018-q2-update.win32_1.4.0.202007081208/tools/bin/../lib/gcc/arm-none-eabi/7.3.1/thumb/v7e-m/fpv4-sp/hard\libgcc.a(_arm_addsubdf3.o)
                              Core/Src/MESCBLDC.o (__aeabi_dadd)
c:/st/stm32cubeide_1.1.0/stm32cubeide/plugins/com.st.stm32cube.ide.mcu.externaltools.gnu-tools-for-stm32.7-2018-q2-update.win32_1.4.0.202007081208/tools/bin/../lib/gcc/arm-none-eabi/7.3.1/thumb/v7e-m/fpv4-sp/hard\libgcc.a(_arm_muldivdf3.o)
                              Core/Src/MESCBLDC.o (__aeabi_dmul)
c:/st/stm32cubeide_1.1.0/stm32cubeide/plugins/com.st.stm32cube.ide.mcu.externaltools.gnu-tools-for-stm32.7-2018-q2-update.win32_1.4.0.202007081208/tools/bin/../lib/gcc/arm-none-eabi/7.3.1/thumb/v7e-m/fpv4-sp/hard\libgcc.a(_arm_truncdfsf2.o)
                              Core/Src/MESCBLDC.o (__aeabi_d2f)

Allocating common symbols
Common symbol       size              file

measurement_buffers
                    0x3c              Core/Src/MESCBLDC.o
hUsbDeviceFS        0x2c4             USB_DEVICE/App/usb_device.o
defaultTaskHandle   0x4               Core/Src/main.o
hopamp2             0x34              Core/Src/main.o
MotorState          0x1               Core/Src/MESCBLDC.o
htim4               0x40              Core/Src/main.o
hdma_usart3_rx      0x44              Core/Src/main.o
huart3              0x80              Core/Src/main.o
hadc2               0x50              Core/Src/main.o
hdma_i2c1_tx        0x44              Core/Src/main.o
hi2c1               0x4c              Core/Src/main.o
uwTick              0x4               Drivers/STM32F3xx_HAL_Driver/Src/stm32f3xx_hal.o
xQueueRegistry      0x40              Middlewares/Third_Party/FreeRTOS/Source/queue.o
hdma_adc3           0x44              Core/Src/main.o
hdma_usart3_tx      0x44              Core/Src/main.o
[...]
Memory Configuration

Name             Origin             Length             Attributes
CCMRAM           0x0000000010000000 0x0000000000002000 xrw
RAM              0x0000000020000000 0x0000000000008000 xrw
FLASH            0x0000000008000000 0x0000000000020000 xr
*default*        0x0000000000000000 0xffffffffffffffff

Linker script and memory map

LOAD c:/st/stm32cubeide_1.1.0/stm32cubeide/plugins/com.st.stm32cube.ide.mcu.externaltools.gnu-tools-for-stm32.7-2018-q2-update.win32_1.4.0.202007081208/tools/bin/../lib/gcc/arm-none-eabi/7.3.1/thumb/v7e-m/fpv4-sp/hard/crti.o
LOAD c:/st/stm32cubeide_1.1.0/stm32cubeide/plugins/com.st.stm32cube.ide.mcu.externaltools.gnu-tools-for-stm32.7-2018-q2-update.win32_1.4.0.202007081208/tools/bin/../lib/gcc/arm-none-eabi/7.3.1/thumb/v7e-m/fpv4-sp/hard/crtbegin.o
LOAD c:/st/stm32cubeide_1.1.0/stm32cubeide/plugins/com.st.stm32cube.ide.mcu.externaltools.gnu-tools-for-stm32.7-2018-q2-update.win32_1.4.0.202007081208/tools/bin/../lib/gcc/arm-none-eabi/7.3.1/../../../../arm-none-eabi/lib/thumb/v7e-m/fpv4-sp/hard/crt0.o
LOAD Core/Src/MESCBLDC.o
LOAD Core/Src/MESCfoc.o
LOAD Core/Src/MESChw_setup.o
LOAD Core/Src/MESCmotor_state.o
LOAD Core/Src/freertos.o
LOAD Core/Src/main.o
LOAD Core/Src/stm32f3xx_hal_msp.o
LOAD Core/Src/stm32f3xx_hal_timebase_tim.o
LOAD Core/Src/stm32f3xx_it.o
LOAD Core/Src/syscalls.o
LOAD Core/Src/sysmem.o
LOAD Core/Src/system_stm32f3xx.o
LOAD Core/Startup/startup_stm32f303cbtx.o
LOAD Drivers/STM32F3xx_HAL_Driver/Src/stm32f3xx_hal.o
LOAD Drivers/STM32F3xx_HAL_Driver/Src/stm32f3xx_hal_adc.o
LOAD Drivers/STM32F3xx_HAL_Driver/Src/stm32f3xx_hal_adc_ex.o
LOAD Drivers/STM32F3xx_HAL_Driver/Src/stm32f3xx_hal_comp.o
LOAD Drivers/STM32F3xx_HAL_Driver/Src/stm32f3xx_hal_cortex.o
LOAD Drivers/STM32F3xx_HAL_Driver/Src/stm32f3xx_hal_dma.o
LOAD Drivers/STM32F3xx_HAL_Driver/Src/stm32f3xx_hal_exti.o
LOAD Drivers/STM32F3xx_HAL_Driver/Src/stm32f3xx_hal_flash.o
LOAD Drivers/STM32F3xx_HAL_Driver/Src/stm32f3xx_hal_flash_ex.o
LOAD Drivers/STM32F3xx_HAL_Driver/Src/stm32f3xx_hal_gpio.o
LOAD Drivers/STM32F3xx_HAL_Driver/Src/stm32f3xx_hal_i2c.o
LOAD Drivers/STM32F3xx_HAL_Driver/Src/stm32f3xx_hal_i2c_ex.o
LOAD Drivers/STM32F3xx_HAL_Driver/Src/stm32f3xx_hal_opamp.o
LOAD Drivers/STM32F3xx_HAL_Driver/Src/stm32f3xx_hal_opamp_ex.o
LOAD Drivers/STM32F3xx_HAL_Driver/Src/stm32f3xx_hal_pcd.o
LOAD Drivers/STM32F3xx_HAL_Driver/Src/stm32f3xx_hal_pcd_ex.o
LOAD Drivers/STM32F3xx_HAL_Driver/Src/stm32f3xx_hal_pwr.o
LOAD Drivers/STM32F3xx_HAL_Driver/Src/stm32f3xx_hal_pwr_ex.o
LOAD Drivers/STM32F3xx_HAL_Driver/Src/stm32f3xx_hal_rcc.o
LOAD Drivers/STM32F3xx_HAL_Driver/Src/stm32f3xx_hal_rcc_ex.o
LOAD Drivers/STM32F3xx_HAL_Driver/Src/stm32f3xx_hal_tim.o
LOAD Drivers/STM32F3xx_HAL_Driver/Src/stm32f3xx_hal_tim_ex.o
LOAD Drivers/STM32F3xx_HAL_Driver/Src/stm32f3xx_hal_uart.o
LOAD Drivers/STM32F3xx_HAL_Driver/Src/stm32f3xx_hal_uart_ex.o
LOAD Drivers/STM32F3xx_HAL_Driver/Src/stm32f3xx_ll_usb.o
LOAD Middlewares/ST/STM32_USB_Device_Library/Class/CDC/Src/usbd_cdc.o
LOAD Middlewares/ST/STM32_USB_Device_Library/Core/Src/usbd_core.o
LOAD Middlewares/ST/STM32_USB_Device_Library/Core/Src/usbd_ctlreq.o
LOAD Middlewares/ST/STM32_USB_Device_Library/Core/Src/usbd_ioreq.o
LOAD Middlewares/Third_Party/FreeRTOS/Source/CMSIS_RTOS_V2/cmsis_os2.o
LOAD Middlewares/Third_Party/FreeRTOS/Source/croutine.o
LOAD Middlewares/Third_Party/FreeRTOS/Source/event_groups.o
LOAD Middlewares/Third_Party/FreeRTOS/Source/list.o
LOAD Middlewares/Third_Party/FreeRTOS/Source/queue.o
LOAD Middlewares/Third_Party/FreeRTOS/Source/stream_buffer.o
LOAD Middlewares/Third_Party/FreeRTOS/Source/tasks.o
LOAD Middlewares/Third_Party/FreeRTOS/Source/timers.o
LOAD Middlewares/Third_Party/FreeRTOS/Source/portable/GCC/ARM_CM4F/port.o
LOAD Middlewares/Third_Party/FreeRTOS/Source/portable/MemMang/heap_4.o
LOAD USB_DEVICE/App/usb_device.o
LOAD USB_DEVICE/App/usbd_cdc_if.o
LOAD USB_DEVICE/App/usbd_desc.o
LOAD USB_DEVICE/Target/usbd_conf.o
START GROUP
LOAD c:/st/stm32cubeide_1.1.0/stm32cubeide/plugins/com.st.stm32cube.ide.mcu.externaltools.gnu-tools-for-stm32.7-2018-q2-update.win32_1.4.0.202007081208/tools/bin/../lib/gcc/arm-none-eabi/7.3.1/../../../../arm-none-eabi/lib/thumb/v7e-m/fpv4-sp/hard\libc_nano.a
LOAD c:/st/stm32cubeide_1.1.0/stm32cubeide/plugins/com.st.stm32cube.ide.mcu.externaltools.gnu-tools-for-stm32.7-2018-q2-update.win32_1.4.0.202007081208/tools/bin/../lib/gcc/arm-none-eabi/7.3.1/../../../../arm-none-eabi/lib/thumb/v7e-m/fpv4-sp/hard\libm.a
END GROUP
START GROUP
LOAD c:/st/stm32cubeide_1.1.0/stm32cubeide/plugins/com.st.stm32cube.ide.mcu.externaltools.gnu-tools-for-stm32.7-2018-q2-update.win32_1.4.0.202007081208/tools/bin/../lib/gcc/arm-none-eabi/7.3.1/thumb/v7e-m/fpv4-sp/hard\libgcc.a
LOAD c:/st/stm32cubeide_1.1.0/stm32cubeide/plugins/com.st.stm32cube.ide.mcu.externaltools.gnu-tools-for-stm32.7-2018-q2-update.win32_1.4.0.202007081208/tools/bin/../lib/gcc/arm-none-eabi/7.3.1/../../../../arm-none-eabi/lib/thumb/v7e-m/fpv4-sp/hard\libc_nano.a
END GROUP
START GROUP
LOAD c:/st/stm32cubeide_1.1.0/stm32cubeide/plugins/com.st.stm32cube.ide.mcu.externaltools.gnu-tools-for-stm32.7-2018-q2-update.win32_1.4.0.202007081208/tools/bin/../lib/gcc/arm-none-eabi/7.3.1/thumb/v7e-m/fpv4-sp/hard\libgcc.a
LOAD c:/st/stm32cubeide_1.1.0/stm32cubeide/plugins/com.st.stm32cube.ide.mcu.externaltools.gnu-tools-for-stm32.7-2018-q2-update.win32_1.4.0.202007081208/tools/bin/../lib/gcc/arm-none-eabi/7.3.1/../../../../arm-none-eabi/lib/thumb/v7e-m/fpv4-sp/hard\libc_nano.a
LOAD c:/st/stm32cubeide_1.1.0/stm32cubeide/plugins/com.st.stm32cube.ide.mcu.externaltools.gnu-tools-for-stm32.7-2018-q2-update.win32_1.4.0.202007081208/tools/bin/../lib/gcc/arm-none-eabi/7.3.1/../../../../arm-none-eabi/lib/thumb/v7e-m/fpv4-sp/hard\libnosys.a
END GROUP
START GROUP
LOAD c:/st/stm32cubeide_1.1.0/stm32cubeide/plugins/com.st.stm32cube.ide.mcu.externaltools.gnu-tools-for-stm32.7-2018-q2-update.win32_1.4.0.202007081208/tools/bin/../lib/gcc/arm-none-eabi/7.3.1/thumb/v7e-m/fpv4-sp/hard\libgcc.a
LOAD c:/st/stm32cubeide_1.1.0/stm32cubeide/plugins/com.st.stm32cube.ide.mcu.externaltools.gnu-tools-for-stm32.7-2018-q2-update.win32_1.4.0.202007081208/tools/bin/../lib/gcc/arm-none-eabi/7.3.1/../../../../arm-none-eabi/lib/thumb/v7e-m/fpv4-sp/hard\libc_nano.a
LOAD c:/st/stm32cubeide_1.1.0/stm32cubeide/plugins/com.st.stm32cube.ide.mcu.externaltools.gnu-tools-for-stm32.7-2018-q2-update.win32_1.4.0.202007081208/tools/bin/../lib/gcc/arm-none-eabi/7.3.1/../../../../arm-none-eabi/lib/thumb/v7e-m/fpv4-sp/hard\libnosys.a
END GROUP
LOAD c:/st/stm32cubeide_1.1.0/stm32cubeide/plugins/com.st.stm32cube.ide.mcu.externaltools.gnu-tools-for-stm32.7-2018-q2-update.win32_1.4.0.202007081208/tools/bin/../lib/gcc/arm-none-eabi/7.3.1/thumb/v7e-m/fpv4-sp/hard/crtend.o
LOAD c:/st/stm32cubeide_1.1.0/stm32cubeide/plugins/com.st.stm32cube.ide.mcu.externaltools.gnu-tools-for-stm32.7-2018-q2-update.win32_1.4.0.202007081208/tools/bin/../lib/gcc/arm-none-eabi/7.3.1/thumb/v7e-m/fpv4-sp/hard/crtn.o
                0x0000000020008000                _estack = (ORIGIN (RAM) + LENGTH (RAM))
                0x0000000000000200                _Min_Heap_Size = 0x200
                0x0000000000000400                _Min_Stack_Size = 0x400

.isr_vector     0x0000000008000000      0x188
                0x0000000008000000                . = ALIGN (0x4)
 *(.isr_vector)
 .isr_vector    0x0000000008000000      0x188 Core/Startup/startup_stm32f303cbtx.o
                0x0000000008000000                g_pfnVectors
                0x0000000008000188                . = ALIGN (0x4)

.text           0x0000000008000190     0xa63c
                0x0000000008000190                . = ALIGN (0x4)
 *(.text)
 .text          0x0000000008000190       0x40 c:/st/stm32cubeide_1.1.0/stm32cubeide/plugins/com.st.stm32cube.ide.mcu.externaltools.gnu-tools-for-stm32.7-2018-q2-update.win32_1.4.0.202007081208/tools/bin/../lib/gcc/arm-none-eabi/7.3.1/thumb/v7e-m/fpv4-sp/hard/crtbegin.o
 *(.text*)
 .text.BLDCInit
                0x00000000080001d0       0x6c Core/Src/MESCBLDC.o
                0x00000000080001d0                BLDCInit
 .text.BLDCCommuteHall
                0x000000000800023c      0x140 Core/Src/MESCBLDC.o
                0x000000000800023c                BLDCCommuteHall
 .text.writeBLDC
                0x000000000800037c      0x11c Core/Src/MESCBLDC.o
                0x000000000800037c                writeBLDC
 .text.GetHallState
                0x0000000008000498       0x94 Core/Src/MESCfoc.o
                0x0000000008000498                GetHallState
 .text.phU_Break
                0x000000000800052c       0x74 Core/Src/MESCfoc.o
                0x000000000800052c                phU_Break
 .text.phU_Enable
                0x00000000080005a0       0x74 Core/Src/MESCfoc.o
                0x00000000080005a0                phU_Enable
 .text.phV_Break
                0x0000000008000614       0x74 Core/Src/MESCfoc.o
                0x0000000008000614                phV_Break
 .text.phV_Enable
                0x0000000008000688       0x74 Core/Src/MESCfoc.o
                0x0000000008000688                phV_Enable
 .text.phW_Break
                0x00000000080006fc       0x74 Core/Src/MESCfoc.o
                0x00000000080006fc                phW_Break
 .text.phW_Enable
                0x0000000008000770       0x74 Core/Src/MESCfoc.o
                0x0000000008000770                phW_Enable
 .text.main     0x00000000080007e4      0x110 Core/Src/main.o
                0x00000000080007e4                main
 .text.SystemClock_Config
                0x00000000080008f4       0xd4 Core/Src/main.o
                0x00000000080008f4                SystemClock_Config
 .text.MX_ADC1_Init
                0x00000000080009c8      0x120 Core/Src/main.o
 .text.MX_ADC2_Init
                0x0000000008000ae8       0xfc Core/Src/main.o
 .text.MX_ADC3_Init
                0x0000000008000be4       0xe4 Core/Src/main.o
 .text.MX_COMP1_Init
                0x0000000008000cc8       0x60 Core/Src/main.o
 .text.MX_COMP2_Init
                0x0000000008000d28       0x60 Core/Src/main.o
 .text.MX_COMP4_Init
                0x0000000008000d88       0x60 Core/Src/main.o
 .text.MX_COMP7_Init
                0x0000000008000de8       0x60 Core/Src/main.o
 .text.MX_I2C1_Init
                0x0000000008000e48       0x7c Core/Src/main.o
 .text.MX_OPAMP1_Init
                0x0000000008000ec4       0x4c Core/Src/main.o
 .text.MX_OPAMP2_Init
                0x0000000008000f10       0x4c Core/Src/main.o
 .text.MX_OPAMP3_Init
                0x0000000008000f5c       0x4c Core/Src/main.o
 .text.MX_TIM1_Init
                0x0000000008000fa8      0x174 Core/Src/main.o
 .text.MX_TIM3_Init
                0x000000000800111c      0x10c Core/Src/main.o
 .text.MX_TIM4_Init
                0x0000000008001228      0x12c Core/Src/main.o
 .text.MX_USART3_UART_Init
                0x0000000008001354       0x60 Core/Src/main.o
 .text.MX_DMA_Init
                0x00000000080013b4       0xb4 Core/Src/main.o
 .text.MX_GPIO_Init
                0x0000000008001468       0x60 Core/Src/main.o
 .text.HAL_TIM_PeriodElapsedCallback
                0x00000000080014c8       0x24 Core/Src/main.o
                0x00000000080014c8                HAL_TIM_PeriodElapsedCallback
 .text.Error_Handler
                0x00000000080014ec        0xe Core/Src/main.o
                0x00000000080014ec                Error_Handler
 *fill*         0x00000000080014fa        0x2 
 .text.HAL_MspInit
                0x00000000080014fc       0x50 Core/Src/stm32f3xx_hal_msp.o
                0x00000000080014fc                HAL_MspInit
 .text.HAL_ADC_MspInit
                0x000000000800154c      0x250 Core/Src/stm32f3xx_hal_msp.o
                0x000000000800154c                HAL_ADC_MspInit
 .text.HAL_COMP_MspInit
                0x000000000800179c      0x12c Core/Src/stm32f3xx_hal_msp.o
                0x000000000800179c                HAL_COMP_MspInit
 .text.HAL_I2C_MspInit
                0x00000000080018c8      0x170 Core/Src/stm32f3xx_hal_msp.o
                0x00000000080018c8                HAL_I2C_MspInit
 .text.HAL_OPAMP_MspInit
                0x0000000008001a38       0xec Core/Src/stm32f3xx_hal_msp.o
                0x0000000008001a38                HAL_OPAMP_MspInit
 .text.HAL_TIM_PWM_MspInit
                0x0000000008001b24       0x40 Core/Src/stm32f3xx_hal_msp.o
                0x0000000008001b24                HAL_TIM_PWM_MspInit
 .text.HAL_TIM_Base_MspInit
                0x0000000008001b64       0xf8 Core/Src/stm32f3xx_hal_msp.o
                0x0000000008001b64                HAL_TIM_Base_MspInit
 .text.HAL_TIM_MspPostInit
                0x0000000008001c5c       0xd0 Core/Src/stm32f3xx_hal_msp.o
                0x0000000008001c5c                HAL_TIM_MspPostInit
 .text.HAL_UART_MspInit
                0x0000000008001d2c      0x130 Core/Src/stm32f3xx_hal_msp.o
                0x0000000008001d2c                HAL_UART_MspInit
 .text.HAL_InitTick
                0x0000000008001e5c       0xb0 Core/Src/stm32f3xx_hal_timebase_tim.o
                0x0000000008001e5c                HAL_InitTick
 .text.NMI_Handler
                0x0000000008001f0c        0xe Core/Src/stm32f3xx_it.o
                0x0000000008001f0c                NMI_Handler
 .text.HardFault_Handler
                0x0000000008001f1a        0x6 Core/Src/stm32f3xx_it.o
                0x0000000008001f1a                HardFault_Handler
 .text.MemManage_Handler
                0x0000000008001f20        0x6 Core/Src/stm32f3xx_it.o
                0x0000000008001f20                MemManage_Handler
 .text.BusFault_Handler
                0x0000000008001f26        0x6 Core/Src/stm32f3xx_it.o
                0x0000000008001f26                BusFault_Handler
 .text.UsageFault_Handler
                0x0000000008001f2c        0x6 Core/Src/stm32f3xx_it.o
                0x0000000008001f2c                UsageFault_Handler
 .text.DebugMon_Handler
                0x0000000008001f32        0xe Core/Src/stm32f3xx_it.o
                0x0000000008001f32                DebugMon_Handler
 .text.DMA1_Channel1_IRQHandler
                0x0000000008001f40       0x14 Core/Src/stm32f3xx_it.o
                0x0000000008001f40                DMA1_Channel1_IRQHandler
 .text.DMA1_Channel2_IRQHandler
                0x0000000008001f54       0x14 Core/Src/stm32f3xx_it.o
                0x0000000008001f54                DMA1_Channel2_IRQHandler
 .text.DMA1_Channel3_IRQHandler
                0x0000000008001f68       0x14 Core/Src/stm32f3xx_it.o
                0x0000000008001f68                DMA1_Channel3_IRQHandler
 .text.DMA1_Channel6_IRQHandler
                0x0000000008001f7c       0x14 Core/Src/stm32f3xx_it.o
                0x0000000008001f7c                DMA1_Channel6_IRQHandler
 .text.DMA1_Channel7_IRQHandler
                0x0000000008001f90       0x14 Core/Src/stm32f3xx_it.o
                0x0000000008001f90                DMA1_Channel7_IRQHandler
 .text.ADC1_2_IRQHandler
                0x0000000008001fa4       0x1c Core/Src/stm32f3xx_it.o
                0x0000000008001fa4                ADC1_2_IRQHandler
 .text.USB_LP_CAN_RX0_IRQHandler
                0x0000000008001fc0       0x14 Core/Src/stm32f3xx_it.o
                0x0000000008001fc0                USB_LP_CAN_RX0_IRQHandler
 .text.TIM3_IRQHandler
                0x0000000008001fd4       0x14 Core/Src/stm32f3xx_it.o
                0x0000000008001fd4                TIM3_IRQHandler
 .text.TIM7_IRQHandler
                0x0000000008001fe8       0x14 Core/Src/stm32f3xx_it.o
                0x0000000008001fe8                TIM7_IRQHandler
 .text.DMA2_Channel1_IRQHandler
                0x0000000008001ffc       0x14 Core/Src/stm32f3xx_it.o
                0x0000000008001ffc                DMA2_Channel1_IRQHandler
 .text.DMA2_Channel5_IRQHandler
                0x0000000008002010       0x14 Core/Src/stm32f3xx_it.o
                0x0000000008002010                DMA2_Channel5_IRQHandler
 .text.SystemInit
                0x0000000008002024       0x2c Core/Src/system_stm32f3xx.o
                0x0000000008002024                SystemInit
 .text.Reset_Handler
                0x0000000008002050       0x50 Core/Startup/startup_stm32f303cbtx.o
                0x0000000008002050                Reset_Handler
 .text.Default_Handler
                0x00000000080020a0        0x2 Core/Startup/startup_stm32f303cbtx.o
                0x00000000080020a0                RTC_Alarm_IRQHandler
                0x00000000080020a0                TIM8_TRG_COM_IRQHandler
                0x00000000080020a0                TIM8_CC_IRQHandler
                0x00000000080020a0                TIM1_CC_IRQHandler
                0x00000000080020a0                USB_HP_IRQHandler
                0x00000000080020a0                PVD_IRQHandler
                0x00000000080020a0                TAMP_STAMP_IRQHandler
                0x00000000080020a0                EXTI3_IRQHandler
                0x00000000080020a0                USB_HP_CAN_TX_IRQHandler
                0x00000000080020a0                EXTI0_IRQHandler
                0x00000000080020a0                I2C2_EV_IRQHandler
                0x00000000080020a0                FPU_IRQHandler
                0x00000000080020a0                TIM1_UP_TIM16_IRQHandler
                0x00000000080020a0                SPI1_IRQHandler
                0x00000000080020a0                CAN_SCE_IRQHandler
                0x00000000080020a0                TIM6_DAC_IRQHandler
                0x00000000080020a0                TIM8_UP_IRQHandler
                0x00000000080020a0                DMA2_Channel2_IRQHandler
                0x00000000080020a0                DMA1_Channel4_IRQHandler
                0x00000000080020a0                USART3_IRQHandler
                0x00000000080020a0                UART5_IRQHandler
                0x00000000080020a0                ADC3_IRQHandler
                0x00000000080020a0                TIM4_IRQHandler
                0x00000000080020a0                CAN_RX1_IRQHandler
                0x00000000080020a0                I2C1_EV_IRQHandler
                0x00000000080020a0                UART4_IRQHandler
                0x00000000080020a0                DMA2_Channel4_IRQHandler
                0x00000000080020a0                RCC_IRQHandler
                0x00000000080020a0                Default_Handler
                0x00000000080020a0                USBWakeUp_RMP_IRQHandler
                0x00000000080020a0                EXTI15_10_IRQHandler
                0x00000000080020a0                EXTI9_5_IRQHandler
                0x00000000080020a0                RTC_WKUP_IRQHandler
                0x00000000080020a0                SPI2_IRQHandler
                0x00000000080020a0                DMA1_Channel5_IRQHandler
                0x00000000080020a0                USB_LP_IRQHandler
                0x00000000080020a0                EXTI4_IRQHandler
                0x00000000080020a0                TIM1_TRG_COM_TIM17_IRQHandler
                0x00000000080020a0                ADC4_IRQHandler
                0x00000000080020a0                WWDG_IRQHandler
                0x00000000080020a0                TIM2_IRQHandler
                0x00000000080020a0                COMP7_IRQHandler
                0x00000000080020a0                COMP1_2_3_IRQHandler
                0x00000000080020a0                EXTI1_IRQHandler
                0x00000000080020a0                USART2_IRQHandler
                0x00000000080020a0                COMP4_5_6_IRQHandler
                0x00000000080020a0                I2C2_ER_IRQHandler
                0x00000000080020a0                TIM8_BRK_IRQHandler
                0x00000000080020a0                FLASH_IRQHandler
                0x00000000080020a0                USART1_IRQHandler
                0x00000000080020a0                SPI3_IRQHandler
                0x00000000080020a0                I2C1_ER_IRQHandler
                0x00000000080020a0                USBWakeUp_IRQHandler
                0x00000000080020a0                DMA2_Channel3_IRQHandler
                0x00000000080020a0                EXTI2_TSC_IRQHandler
                0x00000000080020a0                TIM1_BRK_TIM15_IRQHandler
 *fill*         0x00000000080020a2        0x2 
 .text.HAL_Init
                0x00000000080020a4       0x2c Drivers/STM32F3xx_HAL_Driver/Src/stm32f3xx_hal.o
                0x00000000080020a4                HAL_Init
 .text.HAL_IncTick
                0x00000000080020d0       0x28 Drivers/STM32F3xx_HAL_Driver/Src/stm32f3xx_hal.o
                0x00000000080020d0                HAL_IncTick
 .text.HAL_GetTick
                0x00000000080020f8       0x18 Drivers/STM32F3xx_HAL_Driver/Src/stm32f3xx_hal.o
                0x00000000080020f8                HAL_GetTick
 .text.HAL_Delay
                0x0000000008002110       0x44 Drivers/STM32F3xx_HAL_Driver/Src/stm32f3xx_hal.o
                0x0000000008002110                HAL_Delay
 .text.HAL_ADC_ConvCpltCallback
                0x0000000008002154       0x14 Drivers/STM32F3xx_HAL_Driver/Src/stm32f3xx_hal_adc.o
                0x0000000008002154                HAL_ADC_ConvCpltCallback
 .text.HAL_ADC_LevelOutOfWindowCallback
                0x0000000008002168       0x14 Drivers/STM32F3xx_HAL_Driver/Src/stm32f3xx_hal_adc.o
                0x0000000008002168                HAL_ADC_LevelOutOfWindowCallback
 .text.HAL_ADC_ErrorCallback
                0x000000000800217c       0x14 Drivers/STM32F3xx_HAL_Driver/Src/stm32f3xx_hal_adc.o
                0x000000000800217c                HAL_ADC_ErrorCallback
 .text.HAL_ADC_Init
                0x0000000008002190      0x3c0 Drivers/STM32F3xx_HAL_Driver/Src/stm32f3xx_hal_adc_ex.o
                0x0000000008002190                HAL_ADC_Init
 .text.HAL_ADC_IRQHandler
                0x0000000008002550      0x618 Drivers/STM32F3xx_HAL_Driver/Src/stm32f3xx_hal_adc_ex.o
                0x0000000008002550                HAL_ADC_IRQHandler
 .text.HAL_ADCEx_InjectedConvCpltCallback
                0x0000000008002b68       0x14 Drivers/STM32F3xx_HAL_Driver/Src/stm32f3xx_hal_adc_ex.o
                0x0000000008002b68                HAL_ADCEx_InjectedConvCpltCallback
 .text.HAL_ADCEx_InjectedQueueOverflowCallback
                0x0000000008002b7c       0x14 Drivers/STM32F3xx_HAL_Driver/Src/stm32f3xx_hal_adc_ex.o
                0x0000000008002b7c                HAL_ADCEx_InjectedQueueOverflowCallback
 .text.HAL_ADCEx_LevelOutOfWindow2Callback
                0x0000000008002b90       0x14 Drivers/STM32F3xx_HAL_Driver/Src/stm32f3xx_hal_adc_ex.o
                0x0000000008002b90                HAL_ADCEx_LevelOutOfWindow2Callback
 .text.HAL_ADCEx_LevelOutOfWindow3Callback
                0x0000000008002ba4       0x14 Drivers/STM32F3xx_HAL_Driver/Src/stm32f3xx_hal_adc_ex.o
                0x0000000008002ba4                HAL_ADCEx_LevelOutOfWindow3Callback
 .text.HAL_ADC_ConfigChannel
                0x0000000008002bb8      0x5d8 Drivers/STM32F3xx_HAL_Driver/Src/stm32f3xx_hal_adc_ex.o
                0x0000000008002bb8                HAL_ADC_ConfigChannel
 .text.HAL_ADCEx_MultiModeConfigChannel
                0x0000000008003190      0x1e4 Drivers/STM32F3xx_HAL_Driver/Src/stm32f3xx_hal_adc_ex.o
                0x0000000008003190                HAL_ADCEx_MultiModeConfigChannel
 .text.ADC_Disable
                0x0000000008003374       0xbe Drivers/STM32F3xx_HAL_Driver/Src/stm32f3xx_hal_adc_ex.o
 *fill*         0x0000000008003432        0x2 
 .text.HAL_COMP_Init
                0x0000000008003434      0x100 Drivers/STM32F3xx_HAL_Driver/Src/stm32f3xx_hal_comp.o
                0x0000000008003434                HAL_COMP_Init
 .text.HAL_COMP_Start
                0x0000000008003534      0x1e0 Drivers/STM32F3xx_HAL_Driver/Src/stm32f3xx_hal_comp.o
                0x0000000008003534                HAL_COMP_Start
 .text.__NVIC_SetPriorityGrouping
                0x0000000008003714       0x48 Drivers/STM32F3xx_HAL_Driver/Src/stm32f3xx_hal_cortex.o
 .text.__NVIC_GetPriorityGrouping
                0x000000000800375c       0x1c Drivers/STM32F3xx_HAL_Driver/Src/stm32f3xx_hal_cortex.o
 .text.__NVIC_EnableIRQ
                0x0000000008003778       0x3c Drivers/STM32F3xx_HAL_Driver/Src/stm32f3xx_hal_cortex.o
 .text.__NVIC_SetPriority
                0x00000000080037b4       0x54 Drivers/STM32F3xx_HAL_Driver/Src/stm32f3xx_hal_cortex.o
 .text.NVIC_EncodePriority
                0x0000000008003808       0x66 Drivers/STM32F3xx_HAL_Driver/Src/stm32f3xx_hal_cortex.o
 .text.HAL_NVIC_SetPriorityGrouping
                0x000000000800386e       0x16 Drivers/STM32F3xx_HAL_Driver/Src/stm32f3xx_hal_cortex.o
                0x000000000800386e                HAL_NVIC_SetPriorityGrouping
 .text.HAL_NVIC_SetPriority
                0x0000000008003884       0x38 Drivers/STM32F3xx_HAL_Driver/Src/stm32f3xx_hal_cortex.o
                0x0000000008003884                HAL_NVIC_SetPriority
 .text.HAL_NVIC_EnableIRQ
                0x00000000080038bc       0x1c Drivers/STM32F3xx_HAL_Driver/Src/stm32f3xx_hal_cortex.o
                0x00000000080038bc                HAL_NVIC_EnableIRQ
 .text.HAL_DMA_Init
                0x00000000080038d8       0x8e Drivers/STM32F3xx_HAL_Driver/Src/stm32f3xx_hal_dma.o
                0x00000000080038d8                HAL_DMA_Init
 .text.HAL_DMA_IRQHandler
                0x0000000008003966      0x146 Drivers/STM32F3xx_HAL_Driver/Src/stm32f3xx_hal_dma.o
                0x0000000008003966                HAL_DMA_IRQHandler
 .text.DMA_CalcBaseAndBitshift
                0x0000000008003aac       0x78 Drivers/STM32F3xx_HAL_Driver/Src/stm32f3xx_hal_dma.o
 .text.HAL_GPIO_Init
                0x0000000008003b24      0x2f4 Drivers/STM32F3xx_HAL_Driver/Src/stm32f3xx_hal_gpio.o
                0x0000000008003b24                HAL_GPIO_Init
 .text.HAL_GPIO_ReadPin
                0x0000000008003e18       0x30 Drivers/STM32F3xx_HAL_Driver/Src/stm32f3xx_hal_gpio.o
                0x0000000008003e18                HAL_GPIO_ReadPin
 .text.HAL_I2C_Init
                0x0000000008003e48      0x11e Drivers/STM32F3xx_HAL_Driver/Src/stm32f3xx_hal_i2c.o
                0x0000000008003e48                HAL_I2C_Init
 .text.HAL_I2CEx_ConfigAnalogFilter
                0x0000000008003f66       0x96 Drivers/STM32F3xx_HAL_Driver/Src/stm32f3xx_hal_i2c_ex.o
                0x0000000008003f66                HAL_I2CEx_ConfigAnalogFilter
 .text.HAL_I2CEx_ConfigDigitalFilter
                0x0000000008003ffc       0x98 Drivers/STM32F3xx_HAL_Driver/Src/stm32f3xx_hal_i2c_ex.o
                0x0000000008003ffc                HAL_I2CEx_ConfigDigitalFilter
 .text.HAL_OPAMP_Init
                0x0000000008004094      0x14c Drivers/STM32F3xx_HAL_Driver/Src/stm32f3xx_hal_opamp.o
                0x0000000008004094                HAL_OPAMP_Init
 .text.HAL_OPAMP_Start
                0x00000000080041e0       0x62 Drivers/STM32F3xx_HAL_Driver/Src/stm32f3xx_hal_opamp.o
                0x00000000080041e0                HAL_OPAMP_Start
 .text.HAL_PCD_IRQHandler
                0x0000000008004242      0x204 Drivers/STM32F3xx_HAL_Driver/Src/stm32f3xx_hal_pcd.o
                0x0000000008004242                HAL_PCD_IRQHandler
 .text.HAL_PCD_SetAddress
                0x0000000008004446       0x4a Drivers/STM32F3xx_HAL_Driver/Src/stm32f3xx_hal_pcd.o
                0x0000000008004446                HAL_PCD_SetAddress
 .text.HAL_PCD_EP_Open
                0x0000000008004490       0xc0 Drivers/STM32F3xx_HAL_Driver/Src/stm32f3xx_hal_pcd.o
                0x0000000008004490                HAL_PCD_EP_Open
 .text.HAL_PCD_EP_Receive
                0x0000000008004550       0x74 Drivers/STM32F3xx_HAL_Driver/Src/stm32f3xx_hal_pcd.o
                0x0000000008004550                HAL_PCD_EP_Receive
 .text.HAL_PCD_EP_Transmit
                0x00000000080045c4       0x72 Drivers/STM32F3xx_HAL_Driver/Src/stm32f3xx_hal_pcd.o
                0x00000000080045c4                HAL_PCD_EP_Transmit
 .text.HAL_PCD_EP_SetStall
                0x0000000008004636       0xb4 Drivers/STM32F3xx_HAL_Driver/Src/stm32f3xx_hal_pcd.o
                0x0000000008004636                HAL_PCD_EP_SetStall
 .text.HAL_PCD_EP_ClrStall
                0x00000000080046ea       0x9c Drivers/STM32F3xx_HAL_Driver/Src/stm32f3xx_hal_pcd.o
                0x00000000080046ea                HAL_PCD_EP_ClrStall
 *fill*         0x0000000008004786        0x2 
 .text.PCD_EP_ISR_Handler
                0x0000000008004788      0x53c Drivers/STM32F3xx_HAL_Driver/Src/stm32f3xx_hal_pcd.o
 .text.HAL_RCC_OscConfig
                0x0000000008004cc4      0xe10 Drivers/STM32F3xx_HAL_Driver/Src/stm32f3xx_hal_rcc.o
                0x0000000008004cc4                HAL_RCC_OscConfig
 .text.HAL_RCC_ClockConfig
                0x0000000008005ad4      0x2f8 Drivers/STM32F3xx_HAL_Driver/Src/stm32f3xx_hal_rcc.o
                0x0000000008005ad4                HAL_RCC_ClockConfig
 .text.HAL_RCC_GetSysClockFreq
                0x0000000008005dcc       0xd4 Drivers/STM32F3xx_HAL_Driver/Src/stm32f3xx_hal_rcc.o
                0x0000000008005dcc                HAL_RCC_GetSysClockFreq
 .text.HAL_RCC_GetHCLKFreq
                0x0000000008005ea0       0x18 Drivers/STM32F3xx_HAL_Driver/Src/stm32f3xx_hal_rcc.o
                0x0000000008005ea0                HAL_RCC_GetHCLKFreq
 .text.HAL_RCC_GetPCLK1Freq
                0x0000000008005eb8       0x44 Drivers/STM32F3xx_HAL_Driver/Src/stm32f3xx_hal_rcc.o
                0x0000000008005eb8                HAL_RCC_GetPCLK1Freq
 .text.HAL_RCC_GetPCLK2Freq
                0x0000000008005efc       0x44 Drivers/STM32F3xx_HAL_Driver/Src/stm32f3xx_hal_rcc.o
                0x0000000008005efc                HAL_RCC_GetPCLK2Freq
 .text.HAL_RCC_GetClockConfig
                0x0000000008005f40       0x64 Drivers/STM32F3xx_HAL_Driver/Src/stm32f3xx_hal_rcc.o
                0x0000000008005f40                HAL_RCC_GetClockConfig
 .text.HAL_RCCEx_PeriphCLKConfig
                0x0000000008005fa4      0x360 Drivers/STM32F3xx_HAL_Driver/Src/stm32f3xx_hal_rcc_ex.o
                0x0000000008005fa4                HAL_RCCEx_PeriphCLKConfig
 .text.HAL_TIM_Base_Init
                0x0000000008006304       0x56 Drivers/STM32F3xx_HAL_Driver/Src/stm32f3xx_hal_tim.o
                0x0000000008006304                HAL_TIM_Base_Init
 *fill*         0x000000000800635a        0x2 
 .text.HAL_TIM_Base_Start_IT
                0x000000000800635c       0x54 Drivers/STM32F3xx_HAL_Driver/Src/stm32f3xx_hal_tim.o
                0x000000000800635c                HAL_TIM_Base_Start_IT
 .text.HAL_TIM_PWM_Init
                0x00000000080063b0       0x56 Drivers/STM32F3xx_HAL_Driver/Src/stm32f3xx_hal_tim.o
                0x00000000080063b0                HAL_TIM_PWM_Init
 *fill*         0x0000000008006406        0x2 
 .text.HAL_TIM_PWM_Start
                0x0000000008006408       0xb0 Drivers/STM32F3xx_HAL_Driver/Src/stm32f3xx_hal_tim.o
                0x0000000008006408                HAL_TIM_PWM_Start
 .text.HAL_TIM_IC_Init
                0x00000000080064b8       0x56 Drivers/STM32F3xx_HAL_Driver/Src/stm32f3xx_hal_tim.o
                0x00000000080064b8                HAL_TIM_IC_Init
 .text.HAL_TIM_IC_MspInit
                0x000000000800650e       0x14 Drivers/STM32F3xx_HAL_Driver/Src/stm32f3xx_hal_tim.o
                0x000000000800650e                HAL_TIM_IC_MspInit
 .text.HAL_TIM_IRQHandler
                0x0000000008006522      0x23e Drivers/STM32F3xx_HAL_Driver/Src/stm32f3xx_hal_tim.o
                0x0000000008006522                HAL_TIM_IRQHandler
 .text.HAL_TIM_IC_ConfigChannel
                0x0000000008006760      0x138 Drivers/STM32F3xx_HAL_Driver/Src/stm32f3xx_hal_tim.o
                0x0000000008006760                HAL_TIM_IC_ConfigChannel
 .text.HAL_TIM_PWM_ConfigChannel
                0x0000000008006898      0x230 Drivers/STM32F3xx_HAL_Driver/Src/stm32f3xx_hal_tim.o
                0x0000000008006898                HAL_TIM_PWM_ConfigChannel
 .text.HAL_TIM_ConfigTI1Input
                0x0000000008006ac8       0x38 Drivers/STM32F3xx_HAL_Driver/Src/stm32f3xx_hal_tim.o
                0x0000000008006ac8                HAL_TIM_ConfigTI1Input
 .text.HAL_TIM_SlaveConfigSynchro
                0x0000000008006b00       0x84 Drivers/STM32F3xx_HAL_Driver/Src/stm32f3xx_hal_tim.o
                0x0000000008006b00                HAL_TIM_SlaveConfigSynchro
 .text.HAL_TIM_OC_DelayElapsedCallback
                0x0000000008006b84       0x14 Drivers/STM32F3xx_HAL_Driver/Src/stm32f3xx_hal_tim.o
                0x0000000008006b84                HAL_TIM_OC_DelayElapsedCallback
 .text.HAL_TIM_IC_CaptureCallback
                0x0000000008006b98       0x14 Drivers/STM32F3xx_HAL_Driver/Src/stm32f3xx_hal_tim.o
                0x0000000008006b98                HAL_TIM_IC_CaptureCallback
 .text.HAL_TIM_PWM_PulseFinishedCallback
                0x0000000008006bac       0x14 Drivers/STM32F3xx_HAL_Driver/Src/stm32f3xx_hal_tim.o
                0x0000000008006bac                HAL_TIM_PWM_PulseFinishedCallback
 .text.HAL_TIM_TriggerCallback
                0x0000000008006bc0       0x14 Drivers/STM32F3xx_HAL_Driver/Src/stm32f3xx_hal_tim.o
                0x0000000008006bc0                HAL_TIM_TriggerCallback
 .text.TIM_Base_SetConfig
                0x0000000008006bd4      0x120 Drivers/STM32F3xx_HAL_Driver/Src/stm32f3xx_hal_tim.o
                0x0000000008006bd4                TIM_Base_SetConfig
 .text.TIM_OC1_SetConfig
                0x0000000008006cf4      0x120 Drivers/STM32F3xx_HAL_Driver/Src/stm32f3xx_hal_tim.o
 .text.TIM_OC2_SetConfig
                0x0000000008006e14      0x114 Drivers/STM32F3xx_HAL_Driver/Src/stm32f3xx_hal_tim.o
                0x0000000008006e14                TIM_OC2_SetConfig
 .text.TIM_OC3_SetConfig
                0x0000000008006f28      0x110 Drivers/STM32F3xx_HAL_Driver/Src/stm32f3xx_hal_tim.o
 .text.TIM_OC4_SetConfig
                0x0000000008007038       0xd4 Drivers/STM32F3xx_HAL_Driver/Src/stm32f3xx_hal_tim.o
 .text.TIM_OC5_SetConfig
                0x000000000800710c       0xc8 Drivers/STM32F3xx_HAL_Driver/Src/stm32f3xx_hal_tim.o
 .text.TIM_OC6_SetConfig
                0x00000000080071d4       0xcc Drivers/STM32F3xx_HAL_Driver/Src/stm32f3xx_hal_tim.o
 .text.TIM_SlaveTimer_SetConfig
                0x00000000080072a0      0x110 Drivers/STM32F3xx_HAL_Driver/Src/stm32f3xx_hal_tim.o
 .text.TIM_TI1_SetConfig
                0x00000000080073b0       0xd0 Drivers/STM32F3xx_HAL_Driver/Src/stm32f3xx_hal_tim.o
                0x00000000080073b0                TIM_TI1_SetConfig
 .text.TIM_TI1_ConfigInputStage
                0x0000000008007480       0x5e Drivers/STM32F3xx_HAL_Driver/Src/stm32f3xx_hal_tim.o
 .text.TIM_TI2_SetConfig
                0x00000000080074de       0x7a Drivers/STM32F3xx_HAL_Driver/Src/stm32f3xx_hal_tim.o
 .text.TIM_TI2_ConfigInputStage
                0x0000000008007558       0x60 Drivers/STM32F3xx_HAL_Driver/Src/stm32f3xx_hal_tim.o
 .text.TIM_TI3_SetConfig
                0x00000000080075b8       0x78 Drivers/STM32F3xx_HAL_Driver/Src/stm32f3xx_hal_tim.o
 .text.TIM_TI4_SetConfig
                0x0000000008007630       0x7a Drivers/STM32F3xx_HAL_Driver/Src/stm32f3xx_hal_tim.o
 .text.TIM_ETR_SetConfig
                0x00000000080076aa       0x40 Drivers/STM32F3xx_HAL_Driver/Src/stm32f3xx_hal_tim.o
                0x00000000080076aa                TIM_ETR_SetConfig
 .text.TIM_CCxChannelCmd
                0x00000000080076ea       0x4a Drivers/STM32F3xx_HAL_Driver/Src/stm32f3xx_hal_tim.o
                0x00000000080076ea                TIM_CCxChannelCmd
 .text.HAL_TIMEx_PWMN_Start
                0x0000000008007734       0x60 Drivers/STM32F3xx_HAL_Driver/Src/stm32f3xx_hal_tim_ex.o
                0x0000000008007734                HAL_TIMEx_PWMN_Start
 .text.HAL_TIMEx_MasterConfigSynchronization
                0x0000000008007794      0x100 Drivers/STM32F3xx_HAL_Driver/Src/stm32f3xx_hal_tim_ex.o
                0x0000000008007794                HAL_TIMEx_MasterConfigSynchronization
 .text.HAL_TIMEx_ConfigBreakDeadTime
                0x0000000008007894       0xfc Drivers/STM32F3xx_HAL_Driver/Src/stm32f3xx_hal_tim_ex.o
                0x0000000008007894                HAL_TIMEx_ConfigBreakDeadTime
 .text.HAL_TIMEx_CommutCallback
                0x0000000008007990       0x14 Drivers/STM32F3xx_HAL_Driver/Src/stm32f3xx_hal_tim_ex.o
                0x0000000008007990                HAL_TIMEx_CommutCallback
 .text.HAL_TIMEx_BreakCallback
                0x00000000080079a4       0x14 Drivers/STM32F3xx_HAL_Driver/Src/stm32f3xx_hal_tim_ex.o
                0x00000000080079a4                HAL_TIMEx_BreakCallback
 .text.HAL_TIMEx_Break2Callback
                0x00000000080079b8       0x14 Drivers/STM32F3xx_HAL_Driver/Src/stm32f3xx_hal_tim_ex.o
                0x00000000080079b8                HAL_TIMEx_Break2Callback
 .text.TIM_CCxNChannelCmd
                0x00000000080079cc       0x4a Drivers/STM32F3xx_HAL_Driver/Src/stm32f3xx_hal_tim_ex.o
 .text.HAL_UART_Init
                0x0000000008007a16       0x9c Drivers/STM32F3xx_HAL_Driver/Src/stm32f3xx_hal_uart.o
                0x0000000008007a16                HAL_UART_Init
 *fill*         0x0000000008007ab2        0x2 
 .text.UART_SetConfig
                0x0000000008007ab4      0x434 Drivers/STM32F3xx_HAL_Driver/Src/stm32f3xx_hal_uart.o
                0x0000000008007ab4                UART_SetConfig
 .text.UART_AdvFeatureConfig
                0x0000000008007ee8      0x144 Drivers/STM32F3xx_HAL_Driver/Src/stm32f3xx_hal_uart.o
                0x0000000008007ee8                UART_AdvFeatureConfig
 .text.UART_CheckIdleState
                0x000000000800802c       0x8a Drivers/STM32F3xx_HAL_Driver/Src/stm32f3xx_hal_uart.o
                0x000000000800802c                UART_CheckIdleState
 .text.UART_WaitOnFlagUntilTimeout
                0x00000000080080b6       0xf6 Drivers/STM32F3xx_HAL_Driver/Src/stm32f3xx_hal_uart.o
                0x00000000080080b6                UART_WaitOnFlagUntilTimeout
 .text.USB_ActivateEndpoint
                0x00000000080081ac      0x5e8 Drivers/STM32F3xx_HAL_Driver/Src/stm32f3xx_ll_usb.o
                0x00000000080081ac                USB_ActivateEndpoint
 .text.USB_EPStartXfer
                0x0000000008008794      0x5a4 Drivers/STM32F3xx_HAL_Driver/Src/stm32f3xx_ll_usb.o
                0x0000000008008794                USB_EPStartXfer
 .text.USB_EPSetStall
                0x0000000008008d38       0x84 Drivers/STM32F3xx_HAL_Driver/Src/stm32f3xx_ll_usb.o
                0x0000000008008d38                USB_EPSetStall
 .text.USB_EPClearStall
                0x0000000008008dbc      0x128 Drivers/STM32F3xx_HAL_Driver/Src/stm32f3xx_ll_usb.o
                0x0000000008008dbc                USB_EPClearStall
 .text.USB_SetDevAddress
                0x0000000008008ee4       0x28 Drivers/STM32F3xx_HAL_Driver/Src/stm32f3xx_ll_usb.o
                0x0000000008008ee4                USB_SetDevAddress
 .text.USB_ReadInterrupts
                0x0000000008008f0c       0x20 Drivers/STM32F3xx_HAL_Driver/Src/stm32f3xx_ll_usb.o
                0x0000000008008f0c                USB_ReadInterrupts
 .text.USB_EP0_OutStart
                0x0000000008008f2c       0x18 Drivers/STM32F3xx_HAL_Driver/Src/stm32f3xx_ll_usb.o
                0x0000000008008f2c                USB_EP0_OutStart
 .text.USB_WritePMA
                0x0000000008008f44       0x8a Drivers/STM32F3xx_HAL_Driver/Src/stm32f3xx_ll_usb.o
                0x0000000008008f44                USB_WritePMA
 .text.USB_ReadPMA
                0x0000000008008fce       0xa0 Drivers/STM32F3xx_HAL_Driver/Src/stm32f3xx_ll_usb.o
                0x0000000008008fce                USB_ReadPMA
 .text.USBD_RunTestMode
                0x000000000800906e       0x16 Middlewares/ST/STM32_USB_Device_Library/Core/Src/usbd_core.o
                0x000000000800906e                USBD_RunTestMode
 .text.USBD_SetClassConfig
                0x0000000008009084       0x3e Middlewares/ST/STM32_USB_Device_Library/Core/Src/usbd_core.o
                0x0000000008009084                USBD_SetClassConfig
 .text.USBD_ClrClassConfig
                0x00000000080090c2       0x26 Middlewares/ST/STM32_USB_Device_Library/Core/Src/usbd_core.o
                0x00000000080090c2                USBD_ClrClassConfig
 .text.USBD_LL_SetupStage
                0x00000000080090e8       0x96 Middlewares/ST/STM32_USB_Device_Library/Core/Src/usbd_core.o
                0x00000000080090e8                USBD_LL_SetupStage
 .text.USBD_LL_DataOutStage
                0x000000000800917e       0xe2 Middlewares/ST/STM32_USB_Device_Library/Core/Src/usbd_core.o
                0x000000000800917e                USBD_LL_DataOutStage
 .text.USBD_LL_DataInStage
                0x0000000008009260      0x14a Middlewares/ST/STM32_USB_Device_Library/Core/Src/usbd_core.o
                0x0000000008009260                USBD_LL_DataInStage
 .text.USBD_LL_Reset
                0x00000000080093aa       0x82 Middlewares/ST/STM32_USB_Device_Library/Core/Src/usbd_core.o
                0x00000000080093aa                USBD_LL_Reset
 .text.USBD_LL_SetSpeed
                0x000000000800942c       0x20 Middlewares/ST/STM32_USB_Device_Library/Core/Src/usbd_core.o
                0x000000000800942c                USBD_LL_SetSpeed
 .text.USBD_LL_Suspend
                0x000000000800944c       0x2a Middlewares/ST/STM32_USB_Device_Library/Core/Src/usbd_core.o
                0x000000000800944c                USBD_LL_Suspend
 .text.USBD_LL_Resume
                0x0000000008009476       0x2c Middlewares/ST/STM32_USB_Device_Library/Core/Src/usbd_core.o
                0x0000000008009476                USBD_LL_Resume
 .text.USBD_LL_SOF
                0x00000000080094a2       0x34 Middlewares/ST/STM32_USB_Device_Library/Core/Src/usbd_core.o
                0x00000000080094a2                USBD_LL_SOF
 *fill*         0x00000000080094d6        0x2 
 .text.USBD_StdDevReq
                0x00000000080094d8       0xd4 Middlewares/ST/STM32_USB_Device_Library/Core/Src/usbd_ctlreq.o
                0x00000000080094d8                USBD_StdDevReq
 .text.USBD_StdItfReq
                0x00000000080095ac       0x8c Middlewares/ST/STM32_USB_Device_Library/Core/Src/usbd_ctlreq.o
                0x00000000080095ac                USBD_StdItfReq
 .text.USBD_StdEPReq
                0x0000000008009638      0x2ba Middlewares/ST/STM32_USB_Device_Library/Core/Src/usbd_ctlreq.o
                0x0000000008009638                USBD_StdEPReq
 *fill*         0x00000000080098f2        0x2 
 .text.USBD_GetDescriptor
                0x00000000080098f4      0x2d0 Middlewares/ST/STM32_USB_Device_Library/Core/Src/usbd_ctlreq.o
 .text.USBD_SetAddress
                0x0000000008009bc4       0x84 Middlewares/ST/STM32_USB_Device_Library/Core/Src/usbd_ctlreq.o
 .text.USBD_SetConfig
                0x0000000008009c48      0x11c Middlewares/ST/STM32_USB_Device_Library/Core/Src/usbd_ctlreq.o
 .text.USBD_GetConfig
                0x0000000008009d64       0x68 Middlewares/ST/STM32_USB_Device_Library/Core/Src/usbd_ctlreq.o
 .text.USBD_GetStatus
                0x0000000008009dcc       0x66 Middlewares/ST/STM32_USB_Device_Library/Core/Src/usbd_ctlreq.o
 .text.USBD_SetFeature
                0x0000000008009e32       0x28 Middlewares/ST/STM32_USB_Device_Library/Core/Src/usbd_ctlreq.o
 .text.USBD_ClrFeature
                0x0000000008009e5a       0x42 Middlewares/ST/STM32_USB_Device_Library/Core/Src/usbd_ctlreq.o
 .text.USBD_ParseSetupRequest
                0x0000000008009e9c       0x7a Middlewares/ST/STM32_USB_Device_Library/Core/Src/usbd_ctlreq.o
                0x0000000008009e9c                USBD_ParseSetupRequest
 .text.USBD_CtlError
                0x0000000008009f16       0x22 Middlewares/ST/STM32_USB_Device_Library/Core/Src/usbd_ctlreq.o
                0x0000000008009f16                USBD_CtlError
 .text.USBD_CtlSendData
                0x0000000008009f38       0x38 Middlewares/ST/STM32_USB_Device_Library/Core/Src/usbd_ioreq.o
                0x0000000008009f38                USBD_CtlSendData
 .text.USBD_CtlContinueSendData
                0x0000000008009f70       0x24 Middlewares/ST/STM32_USB_Device_Library/Core/Src/usbd_ioreq.o
                0x0000000008009f70                USBD_CtlContinueSendData
 .text.USBD_CtlContinueRx
                0x0000000008009f94       0x24 Middlewares/ST/STM32_USB_Device_Library/Core/Src/usbd_ioreq.o
                0x0000000008009f94                USBD_CtlContinueRx
 .text.USBD_CtlSendStatus
                0x0000000008009fb8       0x26 Middlewares/ST/STM32_USB_Device_Library/Core/Src/usbd_ioreq.o
                0x0000000008009fb8                USBD_CtlSendStatus
 .text.USBD_CtlReceiveStatus
                0x0000000008009fde       0x26 Middlewares/ST/STM32_USB_Device_Library/Core/Src/usbd_ioreq.o
                0x0000000008009fde                USBD_CtlReceiveStatus
 .text.vListInsertEnd
                0x000000000800a004       0x48 Middlewares/Third_Party/FreeRTOS/Source/list.o
                0x000000000800a004                vListInsertEnd
 .text.uxListRemove
                0x000000000800a04c       0x54 Middlewares/Third_Party/FreeRTOS/Source/list.o
                0x000000000800a04c                uxListRemove
 .text.xTaskIncrementTick
                0x000000000800a0a0      0x17c Middlewares/Third_Party/FreeRTOS/Source/tasks.o
                0x000000000800a0a0                xTaskIncrementTick
 .text.vTaskSwitchContext
                0x000000000800a21c       0xb8 Middlewares/Third_Party/FreeRTOS/Source/tasks.o
                0x000000000800a21c                vTaskSwitchContext
 .text.prvResetNextTaskUnblockTime
                0x000000000800a2d4       0x4c Middlewares/Third_Party/FreeRTOS/Source/tasks.o
 .text.SVC_Handler
                0x000000000800a320       0x28 Middlewares/Third_Party/FreeRTOS/Source/portable/GCC/ARM_CM4F/port.o
                0x000000000800a320                SVC_Handler
 *fill*         0x000000000800a348        0x8 
 .text.PendSV_Handler
                0x000000000800a350       0x68 Middlewares/Third_Party/FreeRTOS/Source/portable/GCC/ARM_CM4F/port.o
                0x000000000800a350                PendSV_Handler
 .text.SysTick_Handler
                0x000000000800a3b8       0x40 Middlewares/Third_Party/FreeRTOS/Source/portable/GCC/ARM_CM4F/port.o
                0x000000000800a3b8                SysTick_Handler
 .text.HAL_PCD_SetupStageCallback
                0x000000000800a3f8       0x24 USB_DEVICE/Target/usbd_conf.o
                0x000000000800a3f8                HAL_PCD_SetupStageCallback
 .text.HAL_PCD_DataOutStageCallback
                0x000000000800a41c       0x30 USB_DEVICE/Target/usbd_conf.o
                0x000000000800a41c                HAL_PCD_DataOutStageCallback
 .text.HAL_PCD_DataInStageCallback
                0x000000000800a44c       0x2e USB_DEVICE/Target/usbd_conf.o
                0x000000000800a44c                HAL_PCD_DataInStageCallback
 .text.HAL_PCD_SOFCallback
                0x000000000800a47a       0x1c USB_DEVICE/Target/usbd_conf.o
                0x000000000800a47a                HAL_PCD_SOFCallback
 .text.HAL_PCD_ResetCallback
                0x000000000800a496       0x3c USB_DEVICE/Target/usbd_conf.o
                0x000000000800a496                HAL_PCD_ResetCallback
 *fill*         0x000000000800a4d2        0x2 
 .text.HAL_PCD_SuspendCallback
                0x000000000800a4d4       0x34 USB_DEVICE/Target/usbd_conf.o
                0x000000000800a4d4                HAL_PCD_SuspendCallback
 .text.HAL_PCD_ResumeCallback
                0x000000000800a508       0x1c USB_DEVICE/Target/usbd_conf.o
                0x000000000800a508                HAL_PCD_ResumeCallback
 .text.USBD_LL_OpenEP
                0x000000000800a524       0x4c USB_DEVICE/Target/usbd_conf.o
                0x000000000800a524                USBD_LL_OpenEP
 .text.USBD_LL_StallEP
                0x000000000800a570       0x3e USB_DEVICE/Target/usbd_conf.o
                0x000000000800a570                USBD_LL_StallEP
 .text.USBD_LL_ClearStallEP
                0x000000000800a5ae       0x3e USB_DEVICE/Target/usbd_conf.o
                0x000000000800a5ae                USBD_LL_ClearStallEP
 .text.USBD_LL_IsStallEP
                0x000000000800a5ec       0x4c USB_DEVICE/Target/usbd_conf.o
                0x000000000800a5ec                USBD_LL_IsStallEP
 .text.USBD_LL_SetUSBAddress
                0x000000000800a638       0x3e USB_DEVICE/Target/usbd_conf.o
                0x000000000800a638                USBD_LL_SetUSBAddress
 .text.USBD_LL_Transmit
                0x000000000800a676       0x46 USB_DEVICE/Target/usbd_conf.o
                0x000000000800a676                USBD_LL_Transmit
 .text.USBD_LL_PrepareReceive
                0x000000000800a6bc       0x46 USB_DEVICE/Target/usbd_conf.o
                0x000000000800a6bc                USBD_LL_PrepareReceive
 *fill*         0x000000000800a702        0x2 
 .text.USBD_Get_USB_Status
                0x000000000800a704       0x58 USB_DEVICE/Target/usbd_conf.o
 .text.__libc_init_array
                0x000000000800a75c       0x48 c:/st/stm32cubeide_1.1.0/stm32cubeide/plugins/com.st.stm32cube.ide.mcu.externaltools.gnu-tools-for-stm32.7-2018-q2-update.win32_1.4.0.202007081208/tools/bin/../lib/gcc/arm-none-eabi/7.3.1/../../../../arm-none-eabi/lib/thumb/v7e-m/fpv4-sp/hard\libc_nano.a(lib_a-init.o)
                0x000000000800a75c                __libc_init_array
 .text.memset   0x000000000800a7a4       0x10 c:/st/stm32cubeide_1.1.0/stm32cubeide/plugins/com.st.stm32cube.ide.mcu.externaltools.gnu-tools-for-stm32.7-2018-q2-update.win32_1.4.0.202007081208/tools/bin/../lib/gcc/arm-none-eabi/7.3.1/../../../../arm-none-eabi/lib/thumb/v7e-m/fpv4-sp/hard\libc_nano.a(lib_a-memset.o)
                0x000000000800a7a4                memset
 *(.glue_7)
 .glue_7        0x000000000800a7b4        0x0 linker stubs
 *(.glue_7t)
 .glue_7t       0x000000000800a7b4        0x0 linker stubs
 *(.eh_frame)
 .eh_frame      0x000000000800a7b4        0x0 c:/st/stm32cubeide_1.1.0/stm32cubeide/plugins/com.st.stm32cube.ide.mcu.externaltools.gnu-tools-for-stm32.7-2018-q2-update.win32_1.4.0.202007081208/tools/bin/../lib/gcc/arm-none-eabi/7.3.1/thumb/v7e-m/fpv4-sp/hard/crtbegin.o
 *(.init)
 .init          0x000000000800a7b4        0x4 c:/st/stm32cubeide_1.1.0/stm32cubeide/plugins/com.st.stm32cube.ide.mcu.externaltools.gnu-tools-for-stm32.7-2018-q2-update.win32_1.4.0.202007081208/tools/bin/../lib/gcc/arm-none-eabi/7.3.1/thumb/v7e-m/fpv4-sp/hard/crti.o
                0x000000000800a7b4                _init
 .init          0x000000000800a7b8        0x8 c:/st/stm32cubeide_1.1.0/stm32cubeide/plugins/com.st.stm32cube.ide.mcu.externaltools.gnu-tools-for-stm32.7-2018-q2-update.win32_1.4.0.202007081208/tools/bin/../lib/gcc/arm-none-eabi/7.3.1/thumb/v7e-m/fpv4-sp/hard/crtn.o
 *(.fini)
 .fini          0x000000000800a7c0        0x4 c:/st/stm32cubeide_1.1.0/stm32cubeide/plugins/com.st.stm32cube.ide.mcu.externaltools.gnu-tools-for-stm32.7-2018-q2-update.win32_1.4.0.202007081208/tools/bin/../lib/gcc/arm-none-eabi/7.3.1/thumb/v7e-m/fpv4-sp/hard/crti.o
                0x000000000800a7c0                _fini
 .fini          0x000000000800a7c4        0x8 c:/st/stm32cubeide_1.1.0/stm32cubeide/plugins/com.st.stm32cube.ide.mcu.externaltools.gnu-tools-for-stm32.7-2018-q2-update.win32_1.4.0.202007081208/tools/bin/../lib/gcc/arm-none-eabi/7.3.1/thumb/v7e-m/fpv4-sp/hard/crtn.o
                0x000000000800a7cc                . = ALIGN (0x4)
                0x000000000800a7cc                _etext = .

.vfp11_veneer   0x000000000800a7cc        0x0
 .vfp11_veneer  0x000000000800a7cc        0x0 linker stubs

.v4_bx          0x000000000800a7cc        0x0
 .v4_bx         0x000000000800a7cc        0x0 linker stubs

.iplt           0x000000000800a7cc        0x0
 .iplt          0x000000000800a7cc        0x0 c:/st/stm32cubeide_1.1.0/stm32cubeide/plugins/com.st.stm32cube.ide.mcu.externaltools.gnu-tools-for-stm32.7-2018-q2-update.win32_1.4.0.202007081208/tools/bin/../lib/gcc/arm-none-eabi/7.3.1/thumb/v7e-m/fpv4-sp/hard/crtbegin.o

.rodata         0x000000000800a7cc       0x38
                0x000000000800a7cc                . = ALIGN (0x4)
 *(.rodata)
 *(.rodata*)
 .rodata.AHBPrescTable
                0x000000000800a7cc       0x10 Core/Src/system_stm32f3xx.o
                0x000000000800a7cc                AHBPrescTable
 .rodata.APBPrescTable
                0x000000000800a7dc        0x8 Core/Src/system_stm32f3xx.o
                0x000000000800a7dc                APBPrescTable
 .rodata.aPLLMULFactorTable
                0x000000000800a7e4       0x10 Drivers/STM32F3xx_HAL_Driver/Src/stm32f3xx_hal_rcc.o
                0x000000000800a7e4                aPLLMULFactorTable
 .rodata.aPredivFactorTable
                0x000000000800a7f4       0x10 Drivers/STM32F3xx_HAL_Driver/Src/stm32f3xx_hal_rcc.o
                0x000000000800a7f4                aPredivFactorTable
                0x000000000800a804                . = ALIGN (0x4)

.rel.dyn        0x000000000800a804        0x0
 .rel.iplt      0x000000000800a804        0x0 c:/st/stm32cubeide_1.1.0/stm32cubeide/plugins/com.st.stm32cube.ide.mcu.externaltools.gnu-tools-for-stm32.7-2018-q2-update.win32_1.4.0.202007081208/tools/bin/../lib/gcc/arm-none-eabi/7.3.1/thumb/v7e-m/fpv4-sp/hard/crtbegin.o

.ARM.extab      0x000000000800a804        0x0
                0x000000000800a804                . = ALIGN (0x4)
 *(.ARM.extab* .gnu.linkonce.armextab.*)
                0x000000000800a804                . = ALIGN (0x4)

.ARM            0x000000000800a804        0x0
                0x000000000800a804                . = ALIGN (0x4)
                0x000000000800a804                __exidx_start = .
 *(.ARM.exidx*)
                0x000000000800a804                __exidx_end = .
                0x000000000800a804                . = ALIGN (0x4)

.preinit_array  0x000000000800a804        0x0
                0x000000000800a804                . = ALIGN (0x4)
                0x000000000800a804                PROVIDE (__preinit_array_start = .)
 *(.preinit_array*)
                0x000000000800a804                PROVIDE (__preinit_array_end = .)
                0x000000000800a804                . = ALIGN (0x4)

.init_array     0x000000000800a804        0x4
                0x000000000800a804                . = ALIGN (0x4)
                0x000000000800a804                PROVIDE (__init_array_start = .)
 *(SORT_BY_NAME(.init_array.*))
 *(.init_array*)
 .init_array    0x000000000800a804        0x4 c:/st/stm32cubeide_1.1.0/stm32cubeide/plugins/com.st.stm32cube.ide.mcu.externaltools.gnu-tools-for-stm32.7-2018-q2-update.win32_1.4.0.202007081208/tools/bin/../lib/gcc/arm-none-eabi/7.3.1/thumb/v7e-m/fpv4-sp/hard/crtbegin.o
                0x000000000800a808                PROVIDE (__init_array_end = .)
                0x000000000800a808                . = ALIGN (0x4)

.fini_array     0x000000000800a808        0x4
                0x000000000800a808                . = ALIGN (0x4)
                [!provide]                        PROVIDE (__fini_array_start = .)
 *(SORT_BY_NAME(.fini_array.*))
 *(.fini_array*)
 .fini_array    0x000000000800a808        0x4 c:/st/stm32cubeide_1.1.0/stm32cubeide/plugins/com.st.stm32cube.ide.mcu.externaltools.gnu-tools-for-stm32.7-2018-q2-update.win32_1.4.0.202007081208/tools/bin/../lib/gcc/arm-none-eabi/7.3.1/thumb/v7e-m/fpv4-sp/hard/crtbegin.o
                [!provide]                        PROVIDE (__fini_array_end = .)
                0x000000000800a80c                . = ALIGN (0x4)
                0x000000000800a80c                _sidata = LOADADDR (.data)

.data           0x0000000020000000       0x10 load address 0x000000000800a80c
                0x0000000020000000                . = ALIGN (0x4)
                0x0000000020000000                _sdata = .
 *(.data)
 *(.data*)
 .data.LastHallState.8800
                0x0000000020000000        0x4 Core/Src/MESCBLDC.o
 .data.SystemCoreClock
                0x0000000020000004        0x4 Core/Src/system_stm32f3xx.o
                0x0000000020000004                SystemCoreClock
 .data.uwTickPrio
                0x0000000020000008        0x4 Drivers/STM32F3xx_HAL_Driver/Src/stm32f3xx_hal.o
                0x0000000020000008                uwTickPrio
 .data.uwTickFreq
                0x000000002000000c        0x1 Drivers/STM32F3xx_HAL_Driver/Src/stm32f3xx_hal.o
                0x000000002000000c                uwTickFreq
                0x0000000020000010                . = ALIGN (0x4)
 *fill*         0x000000002000000d        0x3 
                0x0000000020000010                _edata = .

.igot.plt       0x0000000020000010        0x0 load address 0x000000000800a81c
 .igot.plt      0x0000000020000010        0x0 c:/st/stm32cubeide_1.1.0/stm32cubeide/plugins/com.st.stm32cube.ide.mcu.externaltools.gnu-tools-for-stm32.7-2018-q2-update.win32_1.4.0.202007081208/tools/bin/../lib/gcc/arm-none-eabi/7.3.1/thumb/v7e-m/fpv4-sp/hard/crtbegin.o
                0x0000000020000010                . = ALIGN (0x4)

.bss            0x0000000020000010      0xdb4 load address 0x000000000800a81c
                0x0000000020000010                _sbss = .
                0x0000000020000010                __bss_start__ = _sbss
 *(.bss)
 .bss           0x0000000020000010       0x1c c:/st/stm32cubeide_1.1.0/stm32cubeide/plugins/com.st.stm32cube.ide.mcu.externaltools.gnu-tools-for-stm32.7-2018-q2-update.win32_1.4.0.202007081208/tools/bin/../lib/gcc/arm-none-eabi/7.3.1/thumb/v7e-m/fpv4-sp/hard/crtbegin.o
 *(.bss*)
 .bss.HAL_RCC_ADC12_CLK_ENABLED
                0x000000002000002c        0x4 Core/Src/stm32f3xx_hal_msp.o
 .bss.cfgidx.10786
                0x0000000020000030        0x1 Middlewares/ST/STM32_USB_Device_Library/Core/Src/usbd_ctlreq.o
 *fill*         0x0000000020000031        0x3 
 .bss.pxCurrentTCB
                0x0000000020000034        0x4 Middlewares/Third_Party/FreeRTOS/Source/tasks.o
                0x0000000020000034                pxCurrentTCB
 .bss.pxReadyTasksLists
                0x0000000020000038      0x460 Middlewares/Third_Party/FreeRTOS/Source/tasks.o
 .bss.pxDelayedTaskList
                0x0000000020000498        0x4 Middlewares/Third_Party/FreeRTOS/Source/tasks.o
 .bss.pxOverflowDelayedTaskList
                0x000000002000049c        0x4 Middlewares/Third_Party/FreeRTOS/Source/tasks.o
 .bss.xTickCount
                0x00000000200004a0        0x4 Middlewares/Third_Party/FreeRTOS/Source/tasks.o
 .bss.uxTopReadyPriority
                0x00000000200004a4        0x4 Middlewares/Third_Party/FreeRTOS/Source/tasks.o
 .bss.uxPendedTicks
                0x00000000200004a8        0x4 Middlewares/Third_Party/FreeRTOS/Source/tasks.o
 .bss.xYieldPending
                0x00000000200004ac        0x4 Middlewares/Third_Party/FreeRTOS/Source/tasks.o
 .bss.xNumOfOverflows
                0x00000000200004b0        0x4 Middlewares/Third_Party/FreeRTOS/Source/tasks.o
 .bss.xNextTaskUnblockTime
                0x00000000200004b4        0x4 Middlewares/Third_Party/FreeRTOS/Source/tasks.o
 .bss.uxSchedulerSuspended
                0x00000000200004b8        0x4 Middlewares/Third_Party/FreeRTOS/Source/tasks.o
 *(COMMON)
 COMMON         0x00000000200004bc       0x8d Core/Src/MESCBLDC.o
                0x00000000200004bc                measurement_buffers
                0x00000000200004f8                MotorState
                0x00000000200004f9                MotorSensorMode
                0x00000000200004fc                BLDCVars
                0x0000000020000514                MotorControlType
                0x0000000020000515                BLDCState
                0x0000000020000518                motor
                0x0000000020000528                g_hw_setup
                0x0000000020000548                MotorDirection
 *fill*         0x0000000020000549        0x3 
 COMMON         0x000000002000054c        0x4 Core/Src/MESCfoc.o
                0x000000002000054c                tmpccmrx
 COMMON         0x0000000020000550      0x5c4 Core/Src/main.o
                0x0000000020000550                defaultTaskHandle
                0x0000000020000554                hopamp2
                0x0000000020000588                htim4
                0x00000000200005c8                hdma_usart3_rx
                0x000000002000060c                huart3
                0x000000002000068c                hadc2
                0x00000000200006dc                hdma_i2c1_tx
                0x0000000020000720                hi2c1
                0x000000002000076c                hdma_adc3
                0x00000000200007b0                hdma_usart3_tx
                0x00000000200007f4                hopamp3
                0x0000000020000828                hcomp1
                0x0000000020000858                htim3
                0x0000000020000898                hopamp1
                0x00000000200008cc                hcomp4
                0x00000000200008fc                hadc1
                0x000000002000094c                hadc3
                0x000000002000099c                hcomp7
                0x00000000200009cc                hdma_adc1
                0x0000000020000a10                ComsTaskHandle
                0x0000000020000a14                BatCheckTaskHandle
                0x0000000020000a18                htim1
                0x0000000020000a58                SlowLoopTaskHandle
                0x0000000020000a5c                hdma_i2c1_rx
                0x0000000020000aa0                hcomp2
                0x0000000020000ad0                hdma_adc2
 COMMON         0x0000000020000b14       0x40 Core/Src/stm32f3xx_hal_timebase_tim.o
                0x0000000020000b14                htim7
 COMMON         0x0000000020000b54        0x4 Drivers/STM32F3xx_HAL_Driver/Src/stm32f3xx_hal.o
                0x0000000020000b54                uwTick
 COMMON         0x0000000020000b58      0x26c USB_DEVICE/Target/usbd_conf.o
                0x0000000020000b58                hpcd_USB_FS
                0x0000000020000dc4                . = ALIGN (0x4)
                0x0000000020000dc4                _ebss = .
                0x0000000020000dc4                __bss_end__ = _ebss

._user_heap_stack
                0x0000000020000dc4      0x604 load address 0x000000000800a81c
                0x0000000020000dc8                . = ALIGN (0x8)
 *fill*         0x0000000020000dc4        0x4 
                0x0000000020000dc8                PROVIDE (end = .)
                [!provide]                        PROVIDE (_end = .)
                0x0000000020000fc8                . = (. + _Min_Heap_Size)
 *fill*         0x0000000020000dc8      0x200 
                0x00000000200013c8                . = (. + _Min_Stack_Size)
 *fill*         0x0000000020000fc8      0x400 
                0x00000000200013c8                . = ALIGN (0x8)

/DISCARD/
 libc.a(*)
 libm.a(*)
 libgcc.a(*)

.ARM.attributes
                0x0000000000000000       0x30
 *(.ARM.attributes)
 .ARM.attributes
                0x0000000000000000       0x22 c:/st/stm32cubeide_1.1.0/stm32cubeide/plugins/com.st.stm32cube.ide.mcu.externaltools.gnu-tools-for-stm32.7-2018-q2-update.win32_1.4.0.202007081208/tools/bin/../lib/gcc/arm-none-eabi/7.3.1/thumb/v7e-m/fpv4-sp/hard/crti.o
 .ARM.attributes
                0x0000000000000022       0x34 c:/st/stm32cubeide_1.1.0/stm32cubeide/plugins/com.st.stm32cube.ide.mcu.externaltools.gnu-tools-for-stm32.7-2018-q2-update.win32_1.4.0.202007081208/tools/bin/../lib/gcc/arm-none-eabi/7.3.1/thumb/v7e-m/fpv4-sp/hard/crtbegin.o
 .ARM.attributes
                0x0000000000000056       0x39 Core/Src/MESCBLDC.o
 .ARM.attributes
                0x000000000000008f       0x39 Core/Src/MESCfoc.o
 .ARM.attributes
                0x00000000000000c8       0x39 Core/Src/main.o
 .ARM.attributes
                0x0000000000000101       0x39 Core/Src/stm32f3xx_hal_msp.o
 .ARM.attributes
                0x000000000000013a       0x39 Core/Src/stm32f3xx_hal_timebase_tim.o
 .ARM.attributes
                0x0000000000000173       0x39 Core/Src/stm32f3xx_it.o
 .ARM.attributes
                0x00000000000001ac       0x39 Core/Src/system_stm32f3xx.o
 .ARM.attributes
                0x00000000000001e5       0x21 Core/Startup/startup_stm32f303cbtx.o
 .ARM.attributes
                0x0000000000000206       0x39 Drivers/STM32F3xx_HAL_Driver/Src/stm32f3xx_hal.o
 .ARM.attributes
                0x000000000000023f       0x39 Drivers/STM32F3xx_HAL_Driver/Src/stm32f3xx_hal_adc.o
 .ARM.attributes
                0x0000000000000278       0x39 Drivers/STM32F3xx_HAL_Driver/Src/stm32f3xx_hal_adc_ex.o
 .ARM.attributes
                0x00000000000002b1       0x39 Drivers/STM32F3xx_HAL_Driver/Src/stm32f3xx_hal_comp.o
 .ARM.attributes
                0x00000000000002ea       0x39 Drivers/STM32F3xx_HAL_Driver/Src/stm32f3xx_hal_cortex.o
 .ARM.attributes
                0x0000000000000323       0x39 Drivers/STM32F3xx_HAL_Driver/Src/stm32f3xx_hal_dma.o
 .ARM.attributes
                0x000000000000035c       0x39 Drivers/STM32F3xx_HAL_Driver/Src/stm32f3xx_hal_gpio.o
 .ARM.attributes
                0x0000000000000395       0x39 Drivers/STM32F3xx_HAL_Driver/Src/stm32f3xx_hal_i2c.o
 .ARM.attributes
                0x00000000000003ce       0x39 Drivers/STM32F3xx_HAL_Driver/Src/stm32f3xx_hal_i2c_ex.o
 .ARM.attributes
                0x0000000000000407       0x39 Drivers/STM32F3xx_HAL_Driver/Src/stm32f3xx_hal_opamp.o
 .ARM.attributes
                0x0000000000000440       0x39 Drivers/STM32F3xx_HAL_Driver/Src/stm32f3xx_hal_pcd.o
 .ARM.attributes
                0x0000000000000479       0x39 Drivers/STM32F3xx_HAL_Driver/Src/stm32f3xx_hal_rcc.o
 .ARM.attributes
                0x00000000000004b2       0x39 Drivers/STM32F3xx_HAL_Driver/Src/stm32f3xx_hal_rcc_ex.o
 .ARM.attributes
                0x00000000000004eb       0x39 Drivers/STM32F3xx_HAL_Driver/Src/stm32f3xx_hal_tim.o
 .ARM.attributes
                0x0000000000000524       0x39 Drivers/STM32F3xx_HAL_Driver/Src/stm32f3xx_hal_tim_ex.o
 .ARM.attributes
                0x000000000000055d       0x39 Drivers/STM32F3xx_HAL_Driver/Src/stm32f3xx_hal_uart.o
 .ARM.attributes
                0x0000000000000596       0x39 Drivers/STM32F3xx_HAL_Driver/Src/stm32f3xx_ll_usb.o
 .ARM.attributes
                0x00000000000005cf       0x39 Middlewares/ST/STM32_USB_Device_Library/Core/Src/usbd_core.o
 .ARM.attributes
                0x0000000000000608       0x39 Middlewares/ST/STM32_USB_Device_Library/Core/Src/usbd_ctlreq.o
 .ARM.attributes
                0x0000000000000641       0x39 Middlewares/ST/STM32_USB_Device_Library/Core/Src/usbd_ioreq.o
 .ARM.attributes
                0x000000000000067a       0x39 Middlewares/Third_Party/FreeRTOS/Source/list.o
 .ARM.attributes
                0x00000000000006b3       0x39 Middlewares/Third_Party/FreeRTOS/Source/tasks.o
 .ARM.attributes
                0x00000000000006ec       0x39 Middlewares/Third_Party/FreeRTOS/Source/portable/GCC/ARM_CM4F/port.o
 .ARM.attributes
                0x0000000000000725       0x39 USB_DEVICE/Target/usbd_conf.o
 .ARM.attributes
                0x000000000000075e       0x34 c:/st/stm32cubeide_1.1.0/stm32cubeide/plugins/com.st.stm32cube.ide.mcu.externaltools.gnu-tools-for-stm32.7-2018-q2-update.win32_1.4.0.202007081208/tools/bin/../lib/gcc/arm-none-eabi/7.3.1/../../../../arm-none-eabi/lib/thumb/v7e-m/fpv4-sp/hard\libc_nano.a(lib_a-init.o)
 .ARM.attributes
                0x0000000000000792       0x34 c:/st/stm32cubeide_1.1.0/stm32cubeide/plugins/com.st.stm32cube.ide.mcu.externaltools.gnu-tools-for-stm32.7-2018-q2-update.win32_1.4.0.202007081208/tools/bin/../lib/gcc/arm-none-eabi/7.3.1/../../../../arm-none-eabi/lib/thumb/v7e-m/fpv4-sp/hard\libc_nano.a(lib_a-memset.o)
 .ARM.attributes
                0x00000000000007c6       0x22 c:/st/stm32cubeide_1.1.0/stm32cubeide/plugins/com.st.stm32cube.ide.mcu.externaltools.gnu-tools-for-stm32.7-2018-q2-update.win32_1.4.0.202007081208/tools/bin/../lib/gcc/arm-none-eabi/7.3.1/thumb/v7e-m/fpv4-sp/hard/crtn.o
OUTPUT(MESC_Firmware.elf elf32-littlearm)

.debug_info     0x0000000000000000    0x22657
 .debug_info    0x0000000000000000      0xa25 Core/Src/MESCBLDC.o
 .debug_info    0x0000000000000a25      0xbce Core/Src/MESCfoc.o
 .debug_info    0x00000000000015f3     0x2c36 Core/Src/main.o
 .debug_info    0x0000000000004229     0x1ec9 Core/Src/stm32f3xx_hal_msp.o
 .debug_info    0x00000000000060f2      0x9e1 Core/Src/stm32f3xx_hal_timebase_tim.o
 .debug_info    0x0000000000006ad3     0x12c9 Core/Src/stm32f3xx_it.o
 .debug_info    0x0000000000007d9c      0x45c Core/Src/system_stm32f3xx.o
 .debug_info    0x00000000000081f8       0x22 Core/Startup/startup_stm32f303cbtx.o
 .debug_info    0x000000000000821a      0x7e2 Drivers/STM32F3xx_HAL_Driver/Src/stm32f3xx_hal.o
 .debug_info    0x00000000000089fc      0xbce Drivers/STM32F3xx_HAL_Driver/Src/stm32f3xx_hal_adc.o
 .debug_info    0x00000000000095ca     0x1571 Drivers/STM32F3xx_HAL_Driver/Src/stm32f3xx_hal_adc_ex.o
 .debug_info    0x000000000000ab3b      0x7bf Drivers/STM32F3xx_HAL_Driver/Src/stm32f3xx_hal_comp.o
 .debug_info    0x000000000000b2fa      0xd99 Drivers/STM32F3xx_HAL_Driver/Src/stm32f3xx_hal_cortex.o
 .debug_info    0x000000000000c093      0x7cb Drivers/STM32F3xx_HAL_Driver/Src/stm32f3xx_hal_dma.o
 .debug_info    0x000000000000c85e      0x6fc Drivers/STM32F3xx_HAL_Driver/Src/stm32f3xx_hal_gpio.o
 .debug_info    0x000000000000cf5a     0x1f65 Drivers/STM32F3xx_HAL_Driver/Src/stm32f3xx_hal_i2c.o
 .debug_info    0x000000000000eebf      0x8de Drivers/STM32F3xx_HAL_Driver/Src/stm32f3xx_hal_i2c_ex.o
 .debug_info    0x000000000000f79d      0x680 Drivers/STM32F3xx_HAL_Driver/Src/stm32f3xx_hal_opamp.o
 .debug_info    0x000000000000fe1d      0xe26 Drivers/STM32F3xx_HAL_Driver/Src/stm32f3xx_hal_pcd.o
 .debug_info    0x0000000000010c43     0x180f Drivers/STM32F3xx_HAL_Driver/Src/stm32f3xx_hal_rcc.o
 .debug_info    0x0000000000012452      0x6b7 Drivers/STM32F3xx_HAL_Driver/Src/stm32f3xx_hal_rcc_ex.o
 .debug_info    0x0000000000012b09     0x2648 Drivers/STM32F3xx_HAL_Driver/Src/stm32f3xx_hal_tim.o
 .debug_info    0x0000000000015151     0x11d7 Drivers/STM32F3xx_HAL_Driver/Src/stm32f3xx_hal_tim_ex.o
 .debug_info    0x0000000000016328     0x1592 Drivers/STM32F3xx_HAL_Driver/Src/stm32f3xx_hal_uart.o
 .debug_info    0x00000000000178ba     0x14fb Drivers/STM32F3xx_HAL_Driver/Src/stm32f3xx_ll_usb.o
 .debug_info    0x0000000000018db5     0x153b Middlewares/ST/STM32_USB_Device_Library/Core/Src/usbd_core.o
 .debug_info    0x000000000001a2f0     0x14ab Middlewares/ST/STM32_USB_Device_Library/Core/Src/usbd_ctlreq.o
 .debug_info    0x000000000001b79b     0x129c Middlewares/ST/STM32_USB_Device_Library/Core/Src/usbd_ioreq.o
 .debug_info    0x000000000001ca37      0xac5 Middlewares/Third_Party/FreeRTOS/Source/list.o
 .debug_info    0x000000000001d4fc     0x294f Middlewares/Third_Party/FreeRTOS/Source/tasks.o
 .debug_info    0x000000000001fe4b      0x533 Middlewares/Third_Party/FreeRTOS/Source/portable/GCC/ARM_CM4F/port.o
 .debug_info    0x000000000002037e     0x22d9 USB_DEVICE/Target/usbd_conf.o

.debug_abbrev   0x0000000000000000     0x40ef
 .debug_abbrev  0x0000000000000000      0x178 Core/Src/MESCBLDC.o
 .debug_abbrev  0x0000000000000178      0x1e4 Core/Src/MESCfoc.o
 .debug_abbrev  0x000000000000035c      0x293 Core/Src/main.o
 .debug_abbrev  0x00000000000005ef      0x214 Core/Src/stm32f3xx_hal_msp.o
 .debug_abbrev  0x0000000000000803      0x19d Core/Src/stm32f3xx_hal_timebase_tim.o
 .debug_abbrev  0x00000000000009a0      0x1ae Core/Src/stm32f3xx_it.o
 .debug_abbrev  0x0000000000000b4e      0x12b Core/Src/system_stm32f3xx.o
 .debug_abbrev  0x0000000000000c79       0x12 Core/Startup/startup_stm32f303cbtx.o
 .debug_abbrev  0x0000000000000c8b      0x1c7 Drivers/STM32F3xx_HAL_Driver/Src/stm32f3xx_hal.o
 .debug_abbrev  0x0000000000000e52      0x187 Drivers/STM32F3xx_HAL_Driver/Src/stm32f3xx_hal_adc.o
 .debug_abbrev  0x0000000000000fd9      0x225 Drivers/STM32F3xx_HAL_Driver/Src/stm32f3xx_hal_adc_ex.o
 .debug_abbrev  0x00000000000011fe      0x1c3 Drivers/STM32F3xx_HAL_Driver/Src/stm32f3xx_hal_comp.o
 .debug_abbrev  0x00000000000013c1      0x2fa Drivers/STM32F3xx_HAL_Driver/Src/stm32f3xx_hal_cortex.o
 .debug_abbrev  0x00000000000016bb      0x1fe Drivers/STM32F3xx_HAL_Driver/Src/stm32f3xx_hal_dma.o
 .debug_abbrev  0x00000000000018b9      0x1c0 Drivers/STM32F3xx_HAL_Driver/Src/stm32f3xx_hal_gpio.o
 .debug_abbrev  0x0000000000001a79      0x22a Drivers/STM32F3xx_HAL_Driver/Src/stm32f3xx_hal_i2c.o
 .debug_abbrev  0x0000000000001ca3      0x1b9 Drivers/STM32F3xx_HAL_Driver/Src/stm32f3xx_hal_i2c_ex.o
 .debug_abbrev  0x0000000000001e5c      0x1ad Drivers/STM32F3xx_HAL_Driver/Src/stm32f3xx_hal_opamp.o
 .debug_abbrev  0x0000000000002009      0x27d Drivers/STM32F3xx_HAL_Driver/Src/stm32f3xx_hal_pcd.o
 .debug_abbrev  0x0000000000002286      0x28c Drivers/STM32F3xx_HAL_Driver/Src/stm32f3xx_hal_rcc.o
 .debug_abbrev  0x0000000000002512      0x219 Drivers/STM32F3xx_HAL_Driver/Src/stm32f3xx_hal_rcc_ex.o
 .debug_abbrev  0x000000000000272b      0x230 Drivers/STM32F3xx_HAL_Driver/Src/stm32f3xx_hal_tim.o
 .debug_abbrev  0x000000000000295b      0x21e Drivers/STM32F3xx_HAL_Driver/Src/stm32f3xx_hal_tim_ex.o
 .debug_abbrev  0x0000000000002b79      0x205 Drivers/STM32F3xx_HAL_Driver/Src/stm32f3xx_hal_uart.o
 .debug_abbrev  0x0000000000002d7e      0x239 Drivers/STM32F3xx_HAL_Driver/Src/stm32f3xx_ll_usb.o
 .debug_abbrev  0x0000000000002fb7      0x281 Middlewares/ST/STM32_USB_Device_Library/Core/Src/usbd_core.o
 .debug_abbrev  0x0000000000003238      0x2b1 Middlewares/ST/STM32_USB_Device_Library/Core/Src/usbd_ctlreq.o
 .debug_abbrev  0x00000000000034e9      0x1f1 Middlewares/ST/STM32_USB_Device_Library/Core/Src/usbd_ioreq.o
 .debug_abbrev  0x00000000000036da      0x1cf Middlewares/Third_Party/FreeRTOS/Source/list.o
 .debug_abbrev  0x00000000000038a9      0x350 Middlewares/Third_Party/FreeRTOS/Source/tasks.o
 .debug_abbrev  0x0000000000003bf9      0x210 Middlewares/Third_Party/FreeRTOS/Source/portable/GCC/ARM_CM4F/port.o
 .debug_abbrev  0x0000000000003e09      0x2e6 USB_DEVICE/Target/usbd_conf.o

.debug_aranges  0x0000000000000000     0x1b98
 .debug_aranges
                0x0000000000000000       0x38 Core/Src/MESCBLDC.o
 .debug_aranges
                0x0000000000000038       0x80 Core/Src/MESCfoc.o
 .debug_aranges
                0x00000000000000b8       0xe0 Core/Src/main.o
 .debug_aranges
                0x0000000000000198       0x98 Core/Src/stm32f3xx_hal_msp.o
 .debug_aranges
                0x0000000000000230       0x30 Core/Src/stm32f3xx_hal_timebase_tim.o
 .debug_aranges
                0x0000000000000260       0xa0 Core/Src/stm32f3xx_it.o
 .debug_aranges
                0x0000000000000300       0x28 Core/Src/system_stm32f3xx.o
 .debug_aranges
                0x0000000000000328       0x28 Core/Startup/startup_stm32f303cbtx.o
 .debug_aranges
                0x0000000000000350       0xe0 Drivers/STM32F3xx_HAL_Driver/Src/stm32f3xx_hal.o
 .debug_aranges
                0x0000000000000430       0xc8 Drivers/STM32F3xx_HAL_Driver/Src/stm32f3xx_hal_adc.o
 .debug_aranges
                0x00000000000004f8      0x168 Drivers/STM32F3xx_HAL_Driver/Src/stm32f3xx_hal_adc_ex.o
 .debug_aranges
                0x0000000000000660       0x88 Drivers/STM32F3xx_HAL_Driver/Src/stm32f3xx_hal_comp.o
 .debug_aranges
                0x00000000000006e8      0x118 Drivers/STM32F3xx_HAL_Driver/Src/stm32f3xx_hal_cortex.o
 .debug_aranges
                0x0000000000000800       0x88 Drivers/STM32F3xx_HAL_Driver/Src/stm32f3xx_hal_dma.o
 .debug_aranges
                0x0000000000000888       0x58 Drivers/STM32F3xx_HAL_Driver/Src/stm32f3xx_hal_gpio.o
 .debug_aranges
                0x00000000000008e0      0x288 Drivers/STM32F3xx_HAL_Driver/Src/stm32f3xx_hal_i2c.o
 .debug_aranges
                0x0000000000000b68       0x48 Drivers/STM32F3xx_HAL_Driver/Src/stm32f3xx_hal_i2c_ex.o
 .debug_aranges
                0x0000000000000bb0       0x68 Drivers/STM32F3xx_HAL_Driver/Src/stm32f3xx_hal_opamp.o
 .debug_aranges
                0x0000000000000c18      0x120 Drivers/STM32F3xx_HAL_Driver/Src/stm32f3xx_hal_pcd.o
 .debug_aranges
                0x0000000000000d38       0x88 Drivers/STM32F3xx_HAL_Driver/Src/stm32f3xx_hal_rcc.o
 .debug_aranges
                0x0000000000000dc0       0x38 Drivers/STM32F3xx_HAL_Driver/Src/stm32f3xx_hal_rcc_ex.o
 .debug_aranges
                0x0000000000000df8      0x3c8 Drivers/STM32F3xx_HAL_Driver/Src/stm32f3xx_hal_tim.o
 .debug_aranges
                0x00000000000011c0      0x160 Drivers/STM32F3xx_HAL_Driver/Src/stm32f3xx_hal_tim_ex.o
 .debug_aranges
                0x0000000000001320      0x210 Drivers/STM32F3xx_HAL_Driver/Src/stm32f3xx_hal_uart.o
 .debug_aranges
                0x0000000000001530      0x108 Drivers/STM32F3xx_HAL_Driver/Src/stm32f3xx_ll_usb.o
 .debug_aranges
                0x0000000000001638       0xb8 Middlewares/ST/STM32_USB_Device_Library/Core/Src/usbd_core.o
 .debug_aranges
                0x00000000000016f0       0x88 Middlewares/ST/STM32_USB_Device_Library/Core/Src/usbd_ctlreq.o
 .debug_aranges
                0x0000000000001778       0x50 Middlewares/ST/STM32_USB_Device_Library/Core/Src/usbd_ioreq.o
 .debug_aranges
                0x00000000000017c8       0x40 Middlewares/Third_Party/FreeRTOS/Source/list.o
 .debug_aranges
                0x0000000000001808      0x1f8 Middlewares/Third_Party/FreeRTOS/Source/tasks.o
 .debug_aranges
                0x0000000000001a00       0x80 Middlewares/Third_Party/FreeRTOS/Source/portable/GCC/ARM_CM4F/port.o
 .debug_aranges
                0x0000000000001a80      0x118 USB_DEVICE/Target/usbd_conf.o

.debug_ranges   0x0000000000000000     0x19c0
 .debug_ranges  0x0000000000000000       0x28 Core/Src/MESCBLDC.o
 .debug_ranges  0x0000000000000028       0x90 Core/Src/MESCfoc.o
 .debug_ranges  0x00000000000000b8       0xd0 Core/Src/main.o
 .debug_ranges  0x0000000000000188       0x88 Core/Src/stm32f3xx_hal_msp.o
 .debug_ranges  0x0000000000000210       0x20 Core/Src/stm32f3xx_hal_timebase_tim.o
 .debug_ranges  0x0000000000000230       0x90 Core/Src/stm32f3xx_it.o
 .debug_ranges  0x00000000000002c0       0x18 Core/Src/system_stm32f3xx.o
 .debug_ranges  0x00000000000002d8       0x20 Core/Startup/startup_stm32f303cbtx.o
 .debug_ranges  0x00000000000002f8       0xd0 Drivers/STM32F3xx_HAL_Driver/Src/stm32f3xx_hal.o
 .debug_ranges  0x00000000000003c8       0xb8 Drivers/STM32F3xx_HAL_Driver/Src/stm32f3xx_hal_adc.o
 .debug_ranges  0x0000000000000480      0x158 Drivers/STM32F3xx_HAL_Driver/Src/stm32f3xx_hal_adc_ex.o
 .debug_ranges  0x00000000000005d8       0x78 Drivers/STM32F3xx_HAL_Driver/Src/stm32f3xx_hal_comp.o
 .debug_ranges  0x0000000000000650      0x108 Drivers/STM32F3xx_HAL_Driver/Src/stm32f3xx_hal_cortex.o
 .debug_ranges  0x0000000000000758       0x78 Drivers/STM32F3xx_HAL_Driver/Src/stm32f3xx_hal_dma.o
 .debug_ranges  0x00000000000007d0       0x48 Drivers/STM32F3xx_HAL_Driver/Src/stm32f3xx_hal_gpio.o
 .debug_ranges  0x0000000000000818      0x278 Drivers/STM32F3xx_HAL_Driver/Src/stm32f3xx_hal_i2c.o
 .debug_ranges  0x0000000000000a90       0x38 Drivers/STM32F3xx_HAL_Driver/Src/stm32f3xx_hal_i2c_ex.o
 .debug_ranges  0x0000000000000ac8       0x58 Drivers/STM32F3xx_HAL_Driver/Src/stm32f3xx_hal_opamp.o
 .debug_ranges  0x0000000000000b20      0x110 Drivers/STM32F3xx_HAL_Driver/Src/stm32f3xx_hal_pcd.o
 .debug_ranges  0x0000000000000c30       0x78 Drivers/STM32F3xx_HAL_Driver/Src/stm32f3xx_hal_rcc.o
 .debug_ranges  0x0000000000000ca8       0x28 Drivers/STM32F3xx_HAL_Driver/Src/stm32f3xx_hal_rcc_ex.o
 .debug_ranges  0x0000000000000cd0      0x3b8 Drivers/STM32F3xx_HAL_Driver/Src/stm32f3xx_hal_tim.o
 .debug_ranges  0x0000000000001088      0x150 Drivers/STM32F3xx_HAL_Driver/Src/stm32f3xx_hal_tim_ex.o
 .debug_ranges  0x00000000000011d8      0x200 Drivers/STM32F3xx_HAL_Driver/Src/stm32f3xx_hal_uart.o
 .debug_ranges  0x00000000000013d8       0xf8 Drivers/STM32F3xx_HAL_Driver/Src/stm32f3xx_ll_usb.o
 .debug_ranges  0x00000000000014d0       0xa8 Middlewares/ST/STM32_USB_Device_Library/Core/Src/usbd_core.o
 .debug_ranges  0x0000000000001578       0x78 Middlewares/ST/STM32_USB_Device_Library/Core/Src/usbd_ctlreq.o
 .debug_ranges  0x00000000000015f0       0x40 Middlewares/ST/STM32_USB_Device_Library/Core/Src/usbd_ioreq.o
 .debug_ranges  0x0000000000001630       0x30 Middlewares/Third_Party/FreeRTOS/Source/list.o
 .debug_ranges  0x0000000000001660      0x1e8 Middlewares/Third_Party/FreeRTOS/Source/tasks.o
 .debug_ranges  0x0000000000001848       0x70 Middlewares/Third_Party/FreeRTOS/Source/portable/GCC/ARM_CM4F/port.o
 .debug_ranges  0x00000000000018b8      0x108 USB_DEVICE/Target/usbd_conf.o

.debug_macro    0x0000000000000000    0x1f969
 .debug_macro   0x0000000000000000      0x254 Core/Src/MESCBLDC.o
 .debug_macro   0x0000000000000254      0xa5a Core/Src/MESCBLDC.o
 .debug_macro   0x0000000000000cae      0x16f Core/Src/MESCBLDC.o
 .debug_macro   0x0000000000000e1d       0x2e Core/Src/MESCBLDC.o
 .debug_macro   0x0000000000000e4b       0x28 Core/Src/MESCBLDC.o
 .debug_macro   0x0000000000000e73       0x22 Core/Src/MESCBLDC.o
 .debug_macro   0x0000000000000e95       0x8e Core/Src/MESCBLDC.o
 .debug_macro   0x0000000000000f23       0x51 Core/Src/MESCBLDC.o
 .debug_macro   0x0000000000000f74       0xef Core/Src/MESCBLDC.o
 .debug_macro   0x0000000000001063       0x6a Core/Src/MESCBLDC.o
 .debug_macro   0x00000000000010cd      0x1df Core/Src/MESCBLDC.o
 .debug_macro   0x00000000000012ac       0x1c Core/Src/MESCBLDC.o
 .debug_macro   0x00000000000012c8       0x22 Core/Src/MESCBLDC.o
 .debug_macro   0x00000000000012ea       0xdf Core/Src/MESCBLDC.o
 .debug_macro   0x00000000000013c9     0x102d Core/Src/MESCBLDC.o
 .debug_macro   0x00000000000023f6      0x11f Core/Src/MESCBLDC.o
 .debug_macro   0x0000000000002515    0x12a33 Core/Src/MESCBLDC.o
 .debug_macro   0x0000000000014f48       0x43 Core/Src/MESCBLDC.o
 .debug_macro   0x0000000000014f8b      0x174 Core/Src/MESCBLDC.o
 .debug_macro   0x00000000000150ff       0x53 Core/Src/MESCBLDC.o
 .debug_macro   0x0000000000015152      0x962 Core/Src/MESCBLDC.o
 .debug_macro   0x0000000000015ab4      0x5fe Core/Src/MESCBLDC.o
 .debug_macro   0x00000000000160b2      0x12f Core/Src/MESCBLDC.o
 .debug_macro   0x00000000000161e1      0x1fb Core/Src/MESCBLDC.o
 .debug_macro   0x00000000000163dc      0x1dc Core/Src/MESCBLDC.o
 .debug_macro   0x00000000000165b8      0x1bc Core/Src/MESCBLDC.o
 .debug_macro   0x0000000000016774       0x30 Core/Src/MESCBLDC.o
 .debug_macro   0x00000000000167a4       0x3c Core/Src/MESCBLDC.o
 .debug_macro   0x00000000000167e0      0x236 Core/Src/MESCBLDC.o
 .debug_macro   0x0000000000016a16      0x9b1 Core/Src/MESCBLDC.o
 .debug_macro   0x00000000000173c7       0x77 Core/Src/MESCBLDC.o
 .debug_macro   0x000000000001743e       0x73 Core/Src/MESCBLDC.o
 .debug_macro   0x00000000000174b1      0x58d Core/Src/MESCBLDC.o
 .debug_macro   0x0000000000017a3e       0x12 Core/Src/MESCBLDC.o
 .debug_macro   0x0000000000017a50       0xc5 Core/Src/MESCBLDC.o
 .debug_macro   0x0000000000017b15      0x21d Core/Src/MESCBLDC.o
 .debug_macro   0x0000000000017d32      0x22c Core/Src/MESCBLDC.o
 .debug_macro   0x0000000000017f5e       0x58 Core/Src/MESCBLDC.o
 .debug_macro   0x0000000000017fb6       0xa5 Core/Src/MESCBLDC.o
 .debug_macro   0x000000000001805b      0x17d Core/Src/MESCBLDC.o
 .debug_macro   0x00000000000181d8       0x65 Core/Src/MESCBLDC.o
 .debug_macro   0x000000000001823d      0x249 Core/Src/MESCBLDC.o
 .debug_macro   0x0000000000018486       0x81 Core/Src/MESCBLDC.o
 .debug_macro   0x0000000000018507       0xd3 Core/Src/MESCBLDC.o
 .debug_macro   0x00000000000185da      0x9e9 Core/Src/MESCBLDC.o
 .debug_macro   0x0000000000018fc3       0x89 Core/Src/MESCBLDC.o
 .debug_macro   0x000000000001904c      0x589 Core/Src/MESCBLDC.o
 .debug_macro   0x00000000000195d5       0x3e Core/Src/MESCBLDC.o
 .debug_macro   0x0000000000019613      0x275 Core/Src/MESCBLDC.o
 .debug_macro   0x0000000000019888       0x1c Core/Src/MESCBLDC.o
 .debug_macro   0x00000000000198a4      0x254 Core/Src/MESCfoc.o
 .debug_macro   0x0000000000019af8      0x4bd Core/Src/main.o
 .debug_macro   0x0000000000019fb5       0x5b Core/Src/main.o
 .debug_macro   0x000000000001a010       0x74 Core/Src/main.o
 .debug_macro   0x000000000001a084      0x122 Core/Src/main.o
 .debug_macro   0x000000000001a1a6       0xdd Core/Src/main.o
 .debug_macro   0x000000000001a283       0x46 Core/Src/main.o
 .debug_macro   0x000000000001a2c9       0x18 Core/Src/main.o
 .debug_macro   0x000000000001a2e1       0x3c Core/Src/main.o
 .debug_macro   0x000000000001a31d       0x34 Core/Src/main.o
 .debug_macro   0x000000000001a351       0x16 Core/Src/main.o
 .debug_macro   0x000000000001a367       0x35 Core/Src/main.o
 .debug_macro   0x000000000001a39c      0x32a Core/Src/main.o
 .debug_macro   0x000000000001a6c6       0x10 Core/Src/main.o
 .debug_macro   0x000000000001a6d6       0x52 Core/Src/main.o
 .debug_macro   0x000000000001a728       0x1f Core/Src/main.o
 .debug_macro   0x000000000001a747       0x43 Core/Src/main.o
 .debug_macro   0x000000000001a78a       0x20 Core/Src/main.o
 .debug_macro   0x000000000001a7aa      0x1a3 Core/Src/main.o
 .debug_macro   0x000000000001a94d       0x10 Core/Src/main.o
 .debug_macro   0x000000000001a95d       0x1c Core/Src/main.o
 .debug_macro   0x000000000001a979       0x52 Core/Src/main.o
 .debug_macro   0x000000000001a9cb       0x40 Core/Src/main.o
 .debug_macro   0x000000000001aa0b       0x10 Core/Src/main.o
 .debug_macro   0x000000000001aa1b       0x40 Core/Src/main.o
 .debug_macro   0x000000000001aa5b       0xd7 Core/Src/main.o
 .debug_macro   0x000000000001ab32       0x1c Core/Src/main.o
 .debug_macro   0x000000000001ab4e       0x3d Core/Src/main.o
 .debug_macro   0x000000000001ab8b       0x16 Core/Src/main.o
 .debug_macro   0x000000000001aba1      0x145 Core/Src/main.o
 .debug_macro   0x000000000001ace6       0x16 Core/Src/main.o
 .debug_macro   0x000000000001acfc       0x16 Core/Src/main.o
 .debug_macro   0x000000000001ad12       0x29 Core/Src/main.o
 .debug_macro   0x000000000001ad3b       0x16 Core/Src/main.o
 .debug_macro   0x000000000001ad51       0x20 Core/Src/main.o
 .debug_macro   0x000000000001ad71       0x59 Core/Src/main.o
 .debug_macro   0x000000000001adca      0x1c8 Core/Src/main.o
 .debug_macro   0x000000000001af92      0x268 Core/Src/stm32f3xx_hal_msp.o
 .debug_macro   0x000000000001b1fa      0x239 Core/Src/stm32f3xx_hal_timebase_tim.o
 .debug_macro   0x000000000001b433      0x272 Core/Src/stm32f3xx_it.o
 .debug_macro   0x000000000001b6a5      0x23f Core/Src/system_stm32f3xx.o
 .debug_macro   0x000000000001b8e4      0x25d Drivers/STM32F3xx_HAL_Driver/Src/stm32f3xx_hal.o
 .debug_macro   0x000000000001bb41      0x23a Drivers/STM32F3xx_HAL_Driver/Src/stm32f3xx_hal_adc.o
 .debug_macro   0x000000000001bd7b      0x263 Drivers/STM32F3xx_HAL_Driver/Src/stm32f3xx_hal_adc_ex.o
 .debug_macro   0x000000000001bfde      0x248 Drivers/STM32F3xx_HAL_Driver/Src/stm32f3xx_hal_comp.o
 .debug_macro   0x000000000001c226      0x239 Drivers/STM32F3xx_HAL_Driver/Src/stm32f3xx_hal_cortex.o
 .debug_macro   0x000000000001c45f      0x239 Drivers/STM32F3xx_HAL_Driver/Src/stm32f3xx_hal_dma.o
 .debug_macro   0x000000000001c698      0x271 Drivers/STM32F3xx_HAL_Driver/Src/stm32f3xx_hal_gpio.o
 .debug_macro   0x000000000001c909      0x2fe Drivers/STM32F3xx_HAL_Driver/Src/stm32f3xx_hal_i2c.o
 .debug_macro   0x000000000001cc07      0x239 Drivers/STM32F3xx_HAL_Driver/Src/stm32f3xx_hal_i2c_ex.o
 .debug_macro   0x000000000001ce40      0x241 Drivers/STM32F3xx_HAL_Driver/Src/stm32f3xx_hal_opamp.o
 .debug_macro   0x000000000001d081      0x245 Drivers/STM32F3xx_HAL_Driver/Src/stm32f3xx_hal_pcd.o
 .debug_macro   0x000000000001d2c6      0x25d Drivers/STM32F3xx_HAL_Driver/Src/stm32f3xx_hal_rcc.o
 .debug_macro   0x000000000001d523      0x239 Drivers/STM32F3xx_HAL_Driver/Src/stm32f3xx_hal_rcc_ex.o
 .debug_macro   0x000000000001d75c      0x23a Drivers/STM32F3xx_HAL_Driver/Src/stm32f3xx_hal_tim.o
 .debug_macro   0x000000000001d996      0x239 Drivers/STM32F3xx_HAL_Driver/Src/stm32f3xx_hal_tim_ex.o
 .debug_macro   0x000000000001dbcf      0x256 Drivers/STM32F3xx_HAL_Driver/Src/stm32f3xx_hal_uart.o
 .debug_macro   0x000000000001de25      0x239 Drivers/STM32F3xx_HAL_Driver/Src/stm32f3xx_ll_usb.o
 .debug_macro   0x000000000001e05e      0x45c Middlewares/ST/STM32_USB_Device_Library/Core/Src/usbd_core.o
 .debug_macro   0x000000000001e4ba      0x1ce Middlewares/ST/STM32_USB_Device_Library/Core/Src/usbd_core.o
 .debug_macro   0x000000000001e688      0x466 Middlewares/ST/STM32_USB_Device_Library/Core/Src/usbd_ctlreq.o
 .debug_macro   0x000000000001eaee      0x462 Middlewares/ST/STM32_USB_Device_Library/Core/Src/usbd_ioreq.o
 .debug_macro   0x000000000001ef50      0x17a Middlewares/Third_Party/FreeRTOS/Source/list.o
 .debug_macro   0x000000000001f0ca      0x27a Middlewares/Third_Party/FreeRTOS/Source/tasks.o
 .debug_macro   0x000000000001f344       0x10 Middlewares/Third_Party/FreeRTOS/Source/tasks.o
 .debug_macro   0x000000000001f354      0x196 Middlewares/Third_Party/FreeRTOS/Source/portable/GCC/ARM_CM4F/port.o
 .debug_macro   0x000000000001f4ea      0x47f USB_DEVICE/Target/usbd_conf.o

.debug_line     0x0000000000000000    0x189a0
 .debug_line    0x0000000000000000      0x852 Core/Src/MESCBLDC.o
 .debug_line    0x0000000000000852      0x926 Core/Src/MESCfoc.o
 .debug_line    0x0000000000001178      0xf29 Core/Src/main.o
 .debug_line    0x00000000000020a1      0xa4c Core/Src/stm32f3xx_hal_msp.o
 .debug_line    0x0000000000002aed      0x7bf Core/Src/stm32f3xx_hal_timebase_tim.o
 .debug_line    0x00000000000032ac      0x915 Core/Src/stm32f3xx_it.o
 .debug_line    0x0000000000003bc1      0x7a9 Core/Src/system_stm32f3xx.o
 .debug_line    0x000000000000436a       0x85 Core/Startup/startup_stm32f303cbtx.o
 .debug_line    0x00000000000043ef      0x966 Drivers/STM32F3xx_HAL_Driver/Src/stm32f3xx_hal.o
 .debug_line    0x0000000000004d55      0x915 Drivers/STM32F3xx_HAL_Driver/Src/stm32f3xx_hal_adc.o
 .debug_line    0x000000000000566a     0x1a64 Drivers/STM32F3xx_HAL_Driver/Src/stm32f3xx_hal_adc_ex.o
 .debug_line    0x00000000000070ce      0xbd0 Drivers/STM32F3xx_HAL_Driver/Src/stm32f3xx_hal_comp.o
 .debug_line    0x0000000000007c9e      0xa9b Drivers/STM32F3xx_HAL_Driver/Src/stm32f3xx_hal_cortex.o
 .debug_line    0x0000000000008739      0x9a5 Drivers/STM32F3xx_HAL_Driver/Src/stm32f3xx_hal_dma.o
 .debug_line    0x00000000000090de      0x91b Drivers/STM32F3xx_HAL_Driver/Src/stm32f3xx_hal_gpio.o
 .debug_line    0x00000000000099f9     0x1b00 Drivers/STM32F3xx_HAL_Driver/Src/stm32f3xx_hal_i2c.o
 .debug_line    0x000000000000b4f9      0x8cf Drivers/STM32F3xx_HAL_Driver/Src/stm32f3xx_hal_i2c_ex.o
 .debug_line    0x000000000000bdc8      0x8dc Drivers/STM32F3xx_HAL_Driver/Src/stm32f3xx_hal_opamp.o
 .debug_line    0x000000000000c6a4      0xc3a Drivers/STM32F3xx_HAL_Driver/Src/stm32f3xx_hal_pcd.o
 .debug_line    0x000000000000d2de      0xede Drivers/STM32F3xx_HAL_Driver/Src/stm32f3xx_hal_rcc.o
 .debug_line    0x000000000000e1bc      0xa57 Drivers/STM32F3xx_HAL_Driver/Src/stm32f3xx_hal_rcc_ex.o
 .debug_line    0x000000000000ec13     0x1c32 Drivers/STM32F3xx_HAL_Driver/Src/stm32f3xx_hal_tim.o
 .debug_line    0x0000000000010845      0xe2c Drivers/STM32F3xx_HAL_Driver/Src/stm32f3xx_hal_tim_ex.o
 .debug_line    0x0000000000011671     0x12a4 Drivers/STM32F3xx_HAL_Driver/Src/stm32f3xx_hal_uart.o
 .debug_line    0x0000000000012915      0xc78 Drivers/STM32F3xx_HAL_Driver/Src/stm32f3xx_ll_usb.o
 .debug_line    0x000000000001358d      0xcd0 Middlewares/ST/STM32_USB_Device_Library/Core/Src/usbd_core.o
 .debug_line    0x000000000001425d      0xd59 Middlewares/ST/STM32_USB_Device_Library/Core/Src/usbd_ctlreq.o
 .debug_line    0x0000000000014fb6      0xb39 Middlewares/ST/STM32_USB_Device_Library/Core/Src/usbd_ioreq.o
 .debug_line    0x0000000000015aef      0x66c Middlewares/Third_Party/FreeRTOS/Source/list.o
 .debug_line    0x000000000001615b     0x1443 Middlewares/Third_Party/FreeRTOS/Source/tasks.o
 .debug_line    0x000000000001759e      0x6a3 Middlewares/Third_Party/FreeRTOS/Source/portable/GCC/ARM_CM4F/port.o
 .debug_line    0x0000000000017c41      0xd5f USB_DEVICE/Target/usbd_conf.o

.debug_str      0x0000000000000000    0xb9dc7
 .debug_str     0x0000000000000000    0xa7104 Core/Src/MESCBLDC.o
                                      0xa7785 (size before relaxing)
 .debug_str     0x00000000000a7104      0x135 Core/Src/MESCfoc.o
                                      0xa782a (size before relaxing)
 .debug_str     0x00000000000a7239     0x9a0b Core/Src/main.o
                                      0xb1424 (size before relaxing)
 .debug_str     0x00000000000b0c44      0x1c2 Core/Src/stm32f3xx_hal_msp.o
                                      0xa8775 (size before relaxing)
 .debug_str     0x00000000000b0e06       0x98 Core/Src/stm32f3xx_hal_timebase_tim.o
                                      0xa7850 (size before relaxing)
 .debug_str     0x00000000000b0e9e      0x3d5 Core/Src/stm32f3xx_it.o
                                      0xa7e00 (size before relaxing)
 .debug_str     0x00000000000b1273       0xc7 Core/Src/system_stm32f3xx.o
                                      0xa6fce (size before relaxing)
 .debug_str     0x00000000000b133a       0x36 Core/Startup/startup_stm32f303cbtx.o
                                         0x64 (size before relaxing)
 .debug_str     0x00000000000b1370      0x384 Drivers/STM32F3xx_HAL_Driver/Src/stm32f3xx_hal.o
                                      0xa7756 (size before relaxing)
 .debug_str     0x00000000000b16f4      0x224 Drivers/STM32F3xx_HAL_Driver/Src/stm32f3xx_hal_adc.o
                                      0xa75e5 (size before relaxing)
 .debug_str     0x00000000000b1918      0x6ba Drivers/STM32F3xx_HAL_Driver/Src/stm32f3xx_hal_adc_ex.o
                                      0xa7c12 (size before relaxing)
 .debug_str     0x00000000000b1fd2      0x19b Drivers/STM32F3xx_HAL_Driver/Src/stm32f3xx_hal_comp.o
                                      0xa72ab (size before relaxing)
 .debug_str     0x00000000000b216d      0x39f Drivers/STM32F3xx_HAL_Driver/Src/stm32f3xx_hal_cortex.o
                                      0xa7864 (size before relaxing)
 .debug_str     0x00000000000b250c      0x252 Drivers/STM32F3xx_HAL_Driver/Src/stm32f3xx_hal_dma.o
                                      0xa7334 (size before relaxing)
 .debug_str     0x00000000000b275e      0x20d Drivers/STM32F3xx_HAL_Driver/Src/stm32f3xx_hal_gpio.o
                                      0xa7220 (size before relaxing)
 .debug_str     0x00000000000b296b      0xddb Drivers/STM32F3xx_HAL_Driver/Src/stm32f3xx_hal_i2c.o