stm32f3xx_hal_tim.c:272:19:HAL_TIM_Base_Init	16	static
stm32f3xx_hal_tim.c:324:19:HAL_TIM_Base_DeInit	16	static
stm32f3xx_hal_tim.c:360:13:HAL_TIM_Base_MspInit	16	static
stm32f3xx_hal_tim.c:375:13:HAL_TIM_Base_MspDeInit	16	static
stm32f3xx_hal_tim.c:391:19:HAL_TIM_Base_Start	24	static
stm32f3xx_hal_tim.c:420:19:HAL_TIM_Base_Stop	16	static
stm32f3xx_hal_tim.c:443:19:HAL_TIM_Base_Start_IT	24	static
stm32f3xx_hal_tim.c:469:19:HAL_TIM_Base_Stop_IT	16	static
stm32f3xx_hal_tim.c:490:19:HAL_TIM_Base_Start_DMA	32	static
stm32f3xx_hal_tim.c:549:19:HAL_TIM_Base_Stop_DMA	16	static
stm32f3xx_hal_tim.c:604:19:HAL_TIM_OC_Init	16	static
stm32f3xx_hal_tim.c:656:19:HAL_TIM_OC_DeInit	16	static
stm32f3xx_hal_tim.c:692:13:HAL_TIM_OC_MspInit	16	static
stm32f3xx_hal_tim.c:707:13:HAL_TIM_OC_MspDeInit	16	static
stm32f3xx_hal_tim.c:731:19:HAL_TIM_OC_Start	24	static
stm32f3xx_hal_tim.c:772:19:HAL_TIM_OC_Stop	16	static
stm32f3xx_hal_tim.c:804:19:HAL_TIM_OC_Start_IT	24	static
stm32f3xx_hal_tim.c:876:19:HAL_TIM_OC_Stop_IT	16	static
stm32f3xx_hal_tim.c:944:19:HAL_TIM_OC_Start_DMA	32	static
stm32f3xx_hal_tim.c:1086:19:HAL_TIM_OC_Stop_DMA	16	static
stm32f3xx_hal_tim.c:1183:19:HAL_TIM_PWM_Init	16	static
stm32f3xx_hal_tim.c:1235:19:HAL_TIM_PWM_DeInit	16	static
stm32f3xx_hal_tim.c:1271:13:HAL_TIM_PWM_MspInit	16	static
stm32f3xx_hal_tim.c:1286:13:HAL_TIM_PWM_MspDeInit	16	static
stm32f3xx_hal_tim.c:1310:19:HAL_TIM_PWM_Start	24	static
stm32f3xx_hal_tim.c:1351:19:HAL_TIM_PWM_Stop	16	static
stm32f3xx_hal_tim.c:1386:19:HAL_TIM_PWM_Start_IT	24	static
stm32f3xx_hal_tim.c:1457:19:HAL_TIM_PWM_Stop_IT	16	static
stm32f3xx_hal_tim.c:1525:19:HAL_TIM_PWM_Start_DMA	32	static
stm32f3xx_hal_tim.c:1666:19:HAL_TIM_PWM_Stop_DMA	16	static
stm32f3xx_hal_tim.c:1763:19:HAL_TIM_IC_Init	16	static
stm32f3xx_hal_tim.c:1815:19:HAL_TIM_IC_DeInit	16	static
stm32f3xx_hal_tim.c:1851:13:HAL_TIM_IC_MspInit	16	static
stm32f3xx_hal_tim.c:1866:13:HAL_TIM_IC_MspDeInit	16	static
stm32f3xx_hal_tim.c:1887:19:HAL_TIM_IC_Start	24	static
stm32f3xx_hal_tim.c:1919:19:HAL_TIM_IC_Stop	16	static
stm32f3xx_hal_tim.c:1945:19:HAL_TIM_IC_Start_IT	24	static
stm32f3xx_hal_tim.c:2010:19:HAL_TIM_IC_Stop_IT	16	static
stm32f3xx_hal_tim.c:2072:19:HAL_TIM_IC_Start_DMA	32	static
stm32f3xx_hal_tim.c:2207:19:HAL_TIM_IC_Stop_DMA	16	static
stm32f3xx_hal_tim.c:2302:19:HAL_TIM_OnePulse_Init	16	static
stm32f3xx_hal_tim.c:2361:19:HAL_TIM_OnePulse_DeInit	16	static
stm32f3xx_hal_tim.c:2397:13:HAL_TIM_OnePulse_MspInit	16	static
stm32f3xx_hal_tim.c:2412:13:HAL_TIM_OnePulse_MspDeInit	16	static
stm32f3xx_hal_tim.c:2431:19:HAL_TIM_OnePulse_Start	16	static
stm32f3xx_hal_tim.c:2467:19:HAL_TIM_OnePulse_Stop	16	static
stm32f3xx_hal_tim.c:2503:19:HAL_TIM_OnePulse_Start_IT	16	static
stm32f3xx_hal_tim.c:2545:19:HAL_TIM_OnePulse_Stop_IT	16	static
stm32f3xx_hal_tim.c:2615:19:HAL_TIM_Encoder_Init	32	static
stm32f3xx_hal_tim.c:2720:19:HAL_TIM_Encoder_DeInit	16	static
stm32f3xx_hal_tim.c:2756:13:HAL_TIM_Encoder_MspInit	16	static
stm32f3xx_hal_tim.c:2771:13:HAL_TIM_Encoder_MspDeInit	16	static
stm32f3xx_hal_tim.c:2791:19:HAL_TIM_Encoder_Start	16	static
stm32f3xx_hal_tim.c:2835:19:HAL_TIM_Encoder_Stop	16	static
stm32f3xx_hal_tim.c:2881:19:HAL_TIM_Encoder_Start_IT	16	static
stm32f3xx_hal_tim.c:2931:19:HAL_TIM_Encoder_Stop_IT	16	static
stm32f3xx_hal_tim.c:2985:19:HAL_TIM_Encoder_Start_DMA	24	static
stm32f3xx_hal_tim.c:3120:19:HAL_TIM_Encoder_Stop_DMA	16	static
stm32f3xx_hal_tim.c:3186:6:HAL_TIM_IRQHandler	16	static
stm32f3xx_hal_tim.c:3419:19:HAL_TIM_OC_ConfigChannel	24	static
stm32f3xx_hal_tim.c:3523:19:HAL_TIM_IC_ConfigChannel	24	static
stm32f3xx_hal_tim.c:3623:19:HAL_TIM_PWM_ConfigChannel	24	static
stm32f3xx_hal_tim.c:3776:19:HAL_TIM_OnePulse_ConfigChannel	56	static
stm32f3xx_hal_tim.c:3920:19:HAL_TIM_DMABurst_WriteStart	32	static
stm32f3xx_hal_tim.c:3971:19:HAL_TIM_DMABurst_MultiWriteStart	24	static
stm32f3xx_hal_tim.c:4143:19:HAL_TIM_DMABurst_WriteStop	24	static
stm32f3xx_hal_tim.c:4244:19:HAL_TIM_DMABurst_ReadStart	32	static
stm32f3xx_hal_tim.c:4295:19:HAL_TIM_DMABurst_MultiReadStart	24	static
stm32f3xx_hal_tim.c:4468:19:HAL_TIM_DMABurst_ReadStop	24	static
stm32f3xx_hal_tim.c:4547:19:HAL_TIM_GenerateEvent	16	static
stm32f3xx_hal_tim.c:4587:19:HAL_TIM_ConfigOCrefClear	24	static
stm32f3xx_hal_tim.c:4760:19:HAL_TIM_ConfigClockSource	24	static
stm32f3xx_hal_tim.c:4912:19:HAL_TIM_ConfigTI1Input	24	static
stm32f3xx_hal_tim.c:4944:19:HAL_TIM_SlaveConfigSynchro	16	static
stm32f3xx_hal_tim.c:4984:19:HAL_TIM_SlaveConfigSynchro_IT	16	static
stm32f3xx_hal_tim.c:5027:10:HAL_TIM_ReadCapturedValue	24	static
stm32f3xx_hal_tim.c:5111:13:HAL_TIM_PeriodElapsedCallback	16	static
stm32f3xx_hal_tim.c:5126:13:HAL_TIM_PeriodElapsedHalfCpltCallback	16	static
stm32f3xx_hal_tim.c:5141:13:HAL_TIM_OC_DelayElapsedCallback	16	static
stm32f3xx_hal_tim.c:5156:13:HAL_TIM_IC_CaptureCallback	16	static
stm32f3xx_hal_tim.c:5171:13:HAL_TIM_IC_CaptureHalfCpltCallback	16	static
stm32f3xx_hal_tim.c:5186:13:HAL_TIM_PWM_PulseFinishedCallback	16	static
stm32f3xx_hal_tim.c:5201:13:HAL_TIM_PWM_PulseFinishedHalfCpltCallback	16	static
stm32f3xx_hal_tim.c:5216:13:HAL_TIM_TriggerCallback	16	static
stm32f3xx_hal_tim.c:5231:13:HAL_TIM_TriggerHalfCpltCallback	16	static
stm32f3xx_hal_tim.c:5246:13:HAL_TIM_ErrorCallback	16	static
stm32f3xx_hal_tim.c:5781:22:HAL_TIM_Base_GetState	16	static
stm32f3xx_hal_tim.c:5791:22:HAL_TIM_OC_GetState	16	static
stm32f3xx_hal_tim.c:5801:22:HAL_TIM_PWM_GetState	16	static
stm32f3xx_hal_tim.c:5811:22:HAL_TIM_IC_GetState	16	static
stm32f3xx_hal_tim.c:5821:22:HAL_TIM_OnePulse_GetState	16	static
stm32f3xx_hal_tim.c:5831:22:HAL_TIM_Encoder_GetState	16	static
stm32f3xx_hal_tim.c:5853:6:TIM_DMAError	24	static
stm32f3xx_hal_tim.c:5871:6:TIM_DMADelayPulseCplt	24	static
stm32f3xx_hal_tim.c:5912:6:TIM_DMADelayPulseHalfCplt	24	static
stm32f3xx_hal_tim.c:5953:6:TIM_DMACaptureCplt	24	static
stm32f3xx_hal_tim.c:5994:6:TIM_DMACaptureHalfCplt	24	static
stm32f3xx_hal_tim.c:6035:13:TIM_DMAPeriodElapsedCplt	24	static
stm32f3xx_hal_tim.c:6053:13:TIM_DMAPeriodElapsedHalfCplt	24	static
stm32f3xx_hal_tim.c:6071:13:TIM_DMATriggerCplt	24	static
stm32f3xx_hal_tim.c:6089:13:TIM_DMATriggerHalfCplt	24	static
stm32f3xx_hal_tim.c:6108:6:TIM_Base_SetConfig	24	static
stm32f3xx_hal_tim.c:6156:13:TIM_OC1_SetConfig	32	static
stm32f3xx_hal_tim.c:6231:6:TIM_OC2_SetConfig	32	static
stm32f3xx_hal_tim.c:6309:13:TIM_OC3_SetConfig	32	static
stm32f3xx_hal_tim.c:6385:13:TIM_OC4_SetConfig	32	static
stm32f3xx_hal_tim.c:6448:13:TIM_OC5_SetConfig	32	static
stm32f3xx_hal_tim.c:6503:13:TIM_OC6_SetConfig	32	static
stm32f3xx_hal_tim.c:6558:26:TIM_SlaveTimer_SetConfig	32	static
stm32f3xx_hal_tim.c:6689:6:TIM_TI1_SetConfig	32	static
stm32f3xx_hal_tim.c:6736:13:TIM_TI1_ConfigInputStage	32	static
stm32f3xx_hal_tim.c:6779:13:TIM_TI2_SetConfig	32	static
stm32f3xx_hal_tim.c:6819:13:TIM_TI2_ConfigInputStage	32	static
stm32f3xx_hal_tim.c:6862:13:TIM_TI3_SetConfig	32	static
stm32f3xx_hal_tim.c:6910:13:TIM_TI4_SetConfig	32	static
stm32f3xx_hal_tim.c:6953:13:TIM_ITRx_SetConfig	24	static
stm32f3xx_hal_tim.c:6983:6:TIM_ETR_SetConfig	32	static
stm32f3xx_hal_tim.c:7015:6:TIM_CCxChannelCmd	32	static
