stm32f3xx_hal_uart.c:287:19:HAL_UART_Init	16	static
stm32f3xx_hal_uart.c:360:19:HAL_HalfDuplex_Init	16	static
stm32f3xx_hal_uart.c:433:19:HAL_LIN_Init	16	static
stm32f3xx_hal_uart.c:530:19:HAL_MultiProcessor_Init	24	static
stm32f3xx_hal_uart.c:604:19:HAL_UART_DeInit	16	static
stm32f3xx_hal_uart.c:649:13:HAL_UART_MspInit	16	static
stm32f3xx_hal_uart.c:664:13:HAL_UART_MspDeInit	16	static
stm32f3xx_hal_uart.c:1004:19:HAL_UART_Transmit	48	static
stm32f3xx_hal_uart.c:1089:19:HAL_UART_Receive	48	static
stm32f3xx_hal_uart.c:1174:19:HAL_UART_Transmit_IT	24	static
stm32f3xx_hal_uart.c:1227:19:HAL_UART_Receive_IT	24	static
stm32f3xx_hal_uart.c:1286:19:HAL_UART_Transmit_DMA	24	static
stm32f3xx_hal_uart.c:1362:19:HAL_UART_Receive_DMA	24	static
stm32f3xx_hal_uart.c:1433:19:HAL_UART_DMAPause	24	static
stm32f3xx_hal_uart.c:1467:19:HAL_UART_DMAResume	16	static
stm32f3xx_hal_uart.c:1499:19:HAL_UART_DMAStop	24	static
stm32f3xx_hal_uart.c:1574:19:HAL_UART_Abort	16	static
stm32f3xx_hal_uart.c:1662:19:HAL_UART_AbortTransmit	16	static
stm32f3xx_hal_uart.c:1714:19:HAL_UART_AbortReceive	16	static
stm32f3xx_hal_uart.c:1774:19:HAL_UART_Abort_IT	24	static
stm32f3xx_hal_uart.c:1913:19:HAL_UART_AbortTransmit_IT	16	static
stm32f3xx_hal_uart.c:1997:19:HAL_UART_AbortReceive_IT	16	static
stm32f3xx_hal_uart.c:2081:6:HAL_UART_IRQHandler	40	static
stm32f3xx_hal_uart.c:2285:13:HAL_UART_TxCpltCallback	16	static
stm32f3xx_hal_uart.c:2300:13:HAL_UART_TxHalfCpltCallback	16	static
stm32f3xx_hal_uart.c:2315:13:HAL_UART_RxCpltCallback	16	static
stm32f3xx_hal_uart.c:2330:13:HAL_UART_RxHalfCpltCallback	16	static
stm32f3xx_hal_uart.c:2345:13:HAL_UART_ErrorCallback	16	static
stm32f3xx_hal_uart.c:2360:13:HAL_UART_AbortCpltCallback	16	static
stm32f3xx_hal_uart.c:2375:13:HAL_UART_AbortTransmitCpltCallback	16	static
stm32f3xx_hal_uart.c:2390:13:HAL_UART_AbortReceiveCpltCallback	16	static
stm32f3xx_hal_uart.c:2437:6:HAL_UART_ReceiverTimeout_Config	16	static
stm32f3xx_hal_uart.c:2449:19:HAL_UART_EnableReceiverTimeout	16	static
stm32f3xx_hal_uart.c:2480:19:HAL_UART_DisableReceiverTimeout	16	static
stm32f3xx_hal_uart.c:2511:19:HAL_MultiProcessor_EnableMuteMode	16	static
stm32f3xx_hal_uart.c:2531:19:HAL_MultiProcessor_DisableMuteMode	16	static
stm32f3xx_hal_uart.c:2551:6:HAL_MultiProcessor_EnterMuteMode	16	static
stm32f3xx_hal_uart.c:2561:19:HAL_HalfDuplex_EnableTransmitter	16	static
stm32f3xx_hal_uart.c:2584:19:HAL_HalfDuplex_EnableReceiver	16	static
stm32f3xx_hal_uart.c:2608:19:HAL_LIN_SendBreak	16	static
stm32f3xx_hal_uart.c:2653:23:HAL_UART_GetState	24	static
stm32f3xx_hal_uart.c:2669:10:HAL_UART_GetError	16	static
stm32f3xx_hal_uart.c:2712:19:UART_SetConfig	40	static
stm32f3xx_hal_uart.c:2852:6:UART_AdvFeatureConfig	16	static
stm32f3xx_hal_uart.c:2926:19:UART_CheckIdleState	32	static
stm32f3xx_hal_uart.c:2976:19:UART_WaitOnFlagUntilTimeout	24	static
stm32f3xx_hal_uart.c:3031:13:UART_EndTxTransfer	16	static
stm32f3xx_hal_uart.c:3046:13:UART_EndRxTransfer	16	static
stm32f3xx_hal_uart.c:3065:13:UART_DMATransmitCplt	24	static
stm32f3xx_hal_uart.c:3099:13:UART_DMATxHalfCplt	24	static
stm32f3xx_hal_uart.c:3117:13:UART_DMAReceiveCplt	24	static
stm32f3xx_hal_uart.c:3152:13:UART_DMARxHalfCplt	24	static
stm32f3xx_hal_uart.c:3170:13:UART_DMAError	32	static
stm32f3xx_hal_uart.c:3210:13:UART_DMAAbortOnError	24	static
stm32f3xx_hal_uart.c:3233:13:UART_DMATxAbortCallback	24	static
stm32f3xx_hal_uart.c:3282:13:UART_DMARxAbortCallback	24	static
stm32f3xx_hal_uart.c:3333:13:UART_DMATxOnlyAbortCallback	24	static
stm32f3xx_hal_uart.c:3361:13:UART_DMARxOnlyAbortCallback	24	static
stm32f3xx_hal_uart.c:3393:13:UART_TxISR_8BIT	16	static
stm32f3xx_hal_uart.c:3422:13:UART_TxISR_16BIT	24	static
stm32f3xx_hal_uart.c:3454:13:UART_EndTransmit_IT	16	static
stm32f3xx_hal_uart.c:3479:13:UART_RxISR_8BIT	24	static
stm32f3xx_hal_uart.c:3529:13:UART_RxISR_16BIT	24	static
