stm32f3xx_hal_adc_ex.c:234:19:HAL_ADC_Init	112	static
stm32f3xx_hal_adc_ex.c:807:19:HAL_ADC_DeInit	104	static
stm32f3xx_hal_adc_ex.c:1242:19:HAL_ADC_Start	24	static
stm32f3xx_hal_adc_ex.c:1448:19:HAL_ADC_Stop	24	static
stm32f3xx_hal_adc_ex.c:1553:19:HAL_ADC_PollForConversion	32	static
stm32f3xx_hal_adc_ex.c:1856:19:HAL_ADC_PollForEvent	32	static
stm32f3xx_hal_adc_ex.c:2034:19:HAL_ADC_Start_IT	24	static
stm32f3xx_hal_adc_ex.c:2271:19:HAL_ADC_Stop_IT	24	static
stm32f3xx_hal_adc_ex.c:2377:19:HAL_ADC_Start_DMA	32	static
stm32f3xx_hal_adc_ex.c:2648:19:HAL_ADC_Stop_DMA	24	static
stm32f3xx_hal_adc_ex.c:2798:10:HAL_ADC_GetValue	16	static
stm32f3xx_hal_adc_ex.c:2856:6:HAL_ADC_IRQHandler	32	static
stm32f3xx_hal_adc_ex.c:3311:19:HAL_ADCEx_Calibration_Start	24	static
stm32f3xx_hal_adc_ex.c:3500:10:HAL_ADCEx_Calibration_GetValue	16	static
stm32f3xx_hal_adc_ex.c:3535:19:HAL_ADCEx_Calibration_SetValue	32	static
stm32f3xx_hal_adc_ex.c:3600:19:HAL_ADCEx_InjectedStart	24	static
stm32f3xx_hal_adc_ex.c:3788:19:HAL_ADCEx_InjectedStop	24	static
stm32f3xx_hal_adc_ex.c:3931:19:HAL_ADCEx_InjectedPollForConversion	32	static
stm32f3xx_hal_adc_ex.c:4158:19:HAL_ADCEx_InjectedStart_IT	24	static
stm32f3xx_hal_adc_ex.c:4378:19:HAL_ADCEx_InjectedStop_IT	24	static
stm32f3xx_hal_adc_ex.c:4538:19:HAL_ADCEx_MultiModeStart_DMA	112	static
stm32f3xx_hal_adc_ex.c:4678:19:HAL_ADCEx_MultiModeStop_DMA	104	static
stm32f3xx_hal_adc_ex.c:4798:10:HAL_ADCEx_MultiModeGetValue	24	static
stm32f3xx_hal_adc_ex.c:4849:10:HAL_ADCEx_InjectedGetValue	24	static
stm32f3xx_hal_adc_ex.c:4963:19:HAL_ADCEx_RegularStop	24	static
stm32f3xx_hal_adc_ex.c:5037:19:HAL_ADCEx_RegularStop_IT	24	static
stm32f3xx_hal_adc_ex.c:5117:19:HAL_ADCEx_RegularStop_DMA	24	static
stm32f3xx_hal_adc_ex.c:5229:19:HAL_ADCEx_RegularMultiModeStop_DMA	104	static
stm32f3xx_hal_adc_ex.c:5374:13:HAL_ADCEx_InjectedConvCpltCallback	16	static
stm32f3xx_hal_adc_ex.c:5397:13:HAL_ADCEx_InjectedQueueOverflowCallback	16	static
stm32f3xx_hal_adc_ex.c:5413:13:HAL_ADCEx_LevelOutOfWindow2Callback	16	static
stm32f3xx_hal_adc_ex.c:5428:13:HAL_ADCEx_LevelOutOfWindow3Callback	16	static
stm32f3xx_hal_adc_ex.c:5491:19:HAL_ADC_ConfigChannel	112	static
stm32f3xx_hal_adc_ex.c:5957:19:HAL_ADCEx_InjectedConfigChannel	120	static
stm32f3xx_hal_adc_ex.c:6709:19:HAL_ADC_AnalogWDGConfig	40	static
stm32f3xx_hal_adc_ex.c:6994:19:HAL_ADCEx_MultiModeConfigChannel	104	static
stm32f3xx_hal_adc_ex.c:7124:13:ADC_DMAConvCplt	24	static
stm32f3xx_hal_adc_ex.c:7171:13:ADC_DMAHalfConvCplt	24	static
stm32f3xx_hal_adc_ex.c:7189:13:ADC_DMAError	24	static
stm32f3xx_hal_adc_ex.c:7219:26:ADC_Enable	24	static
stm32f3xx_hal_adc_ex.c:7273:26:ADC_Disable	24	static
stm32f3xx_hal_adc_ex.c:7332:26:ADC_ConversionStop	32	static
