stm32f3xx_hal_adc.c:469:26:HAL_ADC_Init	16	static
stm32f3xx_hal_adc.c:500:26:HAL_ADC_DeInit	16	static
stm32f3xx_hal_adc.c:517:13:HAL_ADC_MspInit	16	static
stm32f3xx_hal_adc.c:532:13:HAL_ADC_MspDeInit	16	static
stm32f3xx_hal_adc.c:782:26:HAL_ADC_Start	16	static
stm32f3xx_hal_adc.c:805:26:HAL_ADC_Stop	16	static
stm32f3xx_hal_adc.c:823:26:HAL_ADC_PollForConversion	16	static
stm32f3xx_hal_adc.c:849:26:HAL_ADC_PollForEvent	24	static
stm32f3xx_hal_adc.c:878:26:HAL_ADC_Start_IT	16	static
stm32f3xx_hal_adc.c:905:26:HAL_ADC_Stop_IT	16	static
stm32f3xx_hal_adc.c:933:26:HAL_ADC_Start_DMA	24	static
stm32f3xx_hal_adc.c:960:26:HAL_ADC_Stop_DMA	16	static
stm32f3xx_hal_adc.c:981:17:HAL_ADC_GetValue	16	static
stm32f3xx_hal_adc.c:995:13:HAL_ADC_IRQHandler	16	static
stm32f3xx_hal_adc.c:1009:13:HAL_ADC_ConvCpltCallback	16	static
stm32f3xx_hal_adc.c:1024:13:HAL_ADC_ConvHalfCpltCallback	16	static
stm32f3xx_hal_adc.c:1039:13:HAL_ADC_LevelOutOfWindowCallback	16	static
stm32f3xx_hal_adc.c:1055:13:HAL_ADC_ErrorCallback	16	static
stm32f3xx_hal_adc.c:1107:26:HAL_ADC_ConfigChannel	16	static
stm32f3xx_hal_adc.c:1134:26:HAL_ADC_AnalogWDGConfig	16	static
stm32f3xx_hal_adc.c:1178:10:HAL_ADC_GetState	16	static
stm32f3xx_hal_adc.c:1192:10:HAL_ADC_GetError	16	static
