main.c:144:5:main	8	static
main.c:243:6:SystemClock_Config	128	static
main.c:296:13:MX_ADC1_Init	48	static
main.c:375:13:MX_ADC2_Init	32	static
main.c:446:13:MX_ADC3_Init	48	static
main.c:509:13:MX_COMP1_Init	8	static
main.c:544:13:MX_COMP2_Init	8	static
main.c:579:13:MX_COMP4_Init	8	static
main.c:614:13:MX_COMP7_Init	8	static
main.c:649:13:MX_I2C1_Init	8	static
main.c:695:13:MX_OPAMP1_Init	8	static
main.c:727:13:MX_OPAMP2_Init	8	static
main.c:759:13:MX_OPAMP3_Init	8	static
main.c:791:13:MX_TIM1_Init	96	static
main.c:874:13:MX_TIM3_Init	56	static
main.c:941:13:MX_TIM4_Init	56	static
main.c:1014:13:MX_USART3_UART_Init	8	static
main.c:1047:13:MX_DMA_Init	16	static
main.c:1084:13:MX_GPIO_Init	24	static
main.c:1105:6:StartDefaultTask	16	static
main.c:1125:6:SlowLoopEntry	16	static
main.c:1143:6:ComsTaskEntry	16	static
main.c:1161:6:BatCheck	16	static
main.c:1180:6:HAL_TIM_PeriodElapsedCallback	16	static
main.c:1197:6:Error_Handler	4	static
