main.c:145:5:main	8	static
main.c:293:6:SystemClock_Config	128	static
main.c:347:13:MX_ADC1_Init	48	static
main.c:427:13:MX_ADC2_Init	32	static
main.c:499:13:MX_ADC3_Init	48	static
main.c:562:13:MX_COMP1_Init	8	static
main.c:597:13:MX_COMP2_Init	8	static
main.c:632:13:MX_COMP4_Init	8	static
main.c:667:13:MX_COMP7_Init	8	static
main.c:702:13:MX_I2C1_Init	8	static
main.c:748:13:MX_OPAMP1_Init	8	static
main.c:780:13:MX_OPAMP2_Init	8	static
main.c:812:13:MX_OPAMP3_Init	8	static
main.c:844:13:MX_TIM1_Init	96	static
main.c:927:13:MX_TIM3_Init	56	static
main.c:994:13:MX_TIM4_Init	56	static
main.c:1067:13:MX_USART3_UART_Init	8	static
main.c:1100:13:MX_DMA_Init	16	static
main.c:1137:13:MX_GPIO_Init	24	static
main.c:1148:6:HAL_ADC_ConvcpltCallback	16	static
main.c:1160:6:StartDefaultTask	16	static
main.c:1180:6:SlowLoopEntry	16	static
main.c:1198:6:ComsTaskEntry	16	static
main.c:1216:6:BatCheck	16	static
main.c:1235:6:HAL_TIM_PeriodElapsedCallback	16	static
main.c:1252:6:Error_Handler	4	static
