main.c:141:1:HAL_TIM_IC_CaptureCallback	16	static
main.c:165:5:main	8	static
main.c:321:6:SystemClock_Config	128	static
main.c:375:13:MX_ADC1_Init	48	static
main.c:455:13:MX_ADC2_Init	32	static
main.c:527:13:MX_ADC3_Init	48	static
main.c:590:13:MX_COMP1_Init	8	static
main.c:625:13:MX_COMP2_Init	8	static
main.c:660:13:MX_COMP4_Init	8	static
main.c:695:13:MX_COMP7_Init	8	static
main.c:730:13:MX_I2C1_Init	8	static
main.c:776:13:MX_OPAMP1_Init	8	static
main.c:808:13:MX_OPAMP2_Init	8	static
main.c:840:13:MX_OPAMP3_Init	8	static
main.c:872:13:MX_TIM1_Init	96	static
main.c:955:13:MX_TIM3_Init	56	static
main.c:1022:13:MX_TIM4_Init	56	static
main.c:1095:13:MX_USART3_UART_Init	8	static
main.c:1128:13:MX_DMA_Init	16	static
main.c:1165:13:MX_GPIO_Init	24	static
main.c:1176:6:HAL_ADC_ConvcpltCallback	16	static
main.c:1188:6:StartDefaultTask	16	static
main.c:1208:6:SlowLoopEntry	16	static
main.c:1226:6:ComsTaskEntry	16	static
main.c:1244:6:BatCheck	16	static
main.c:1263:6:HAL_TIM_PeriodElapsedCallback	16	static
main.c:1280:6:Error_Handler	4	static
