main.c:145:5:main	8	static
main.c:301:6:SystemClock_Config	128	static
main.c:355:13:MX_ADC1_Init	48	static
main.c:435:13:MX_ADC2_Init	32	static
main.c:507:13:MX_ADC3_Init	48	static
main.c:570:13:MX_COMP1_Init	8	static
main.c:605:13:MX_COMP2_Init	8	static
main.c:640:13:MX_COMP4_Init	8	static
main.c:675:13:MX_COMP7_Init	8	static
main.c:710:13:MX_I2C1_Init	8	static
main.c:756:13:MX_OPAMP1_Init	8	static
main.c:788:13:MX_OPAMP2_Init	8	static
main.c:820:13:MX_OPAMP3_Init	8	static
main.c:852:13:MX_TIM1_Init	96	static
main.c:935:13:MX_TIM3_Init	56	static
main.c:1002:13:MX_TIM4_Init	56	static
main.c:1075:13:MX_USART3_UART_Init	8	static
main.c:1108:13:MX_DMA_Init	16	static
main.c:1145:13:MX_GPIO_Init	24	static
main.c:1156:6:HAL_ADC_ConvcpltCallback	16	static
main.c:1168:6:StartDefaultTask	16	static
main.c:1188:6:SlowLoopEntry	16	static
main.c:1206:6:ComsTaskEntry	16	static
main.c:1224:6:BatCheck	16	static
main.c:1243:6:HAL_TIM_PeriodElapsedCallback	16	static
main.c:1260:6:Error_Handler	4	static
