main.c:143:5:main	8	static
main.c:242:6:SystemClock_Config	128	static
main.c:295:13:MX_ADC1_Init	48	static
main.c:374:13:MX_ADC2_Init	32	static
main.c:445:13:MX_ADC3_Init	48	static
main.c:508:13:MX_COMP1_Init	8	static
main.c:543:13:MX_COMP2_Init	8	static
main.c:578:13:MX_COMP4_Init	8	static
main.c:613:13:MX_COMP7_Init	8	static
main.c:648:13:MX_I2C1_Init	8	static
main.c:694:13:MX_OPAMP1_Init	8	static
main.c:726:13:MX_OPAMP2_Init	8	static
main.c:758:13:MX_OPAMP3_Init	8	static
main.c:790:13:MX_TIM1_Init	96	static
main.c:873:13:MX_TIM3_Init	56	static
main.c:940:13:MX_TIM4_Init	56	static
main.c:1013:13:MX_USART3_UART_Init	8	static
main.c:1046:13:MX_DMA_Init	16	static
main.c:1083:13:MX_GPIO_Init	24	static
main.c:1104:6:StartDefaultTask	16	static
main.c:1124:6:SlowLoopEntry	16	static
main.c:1142:6:ComsTaskEntry	16	static
main.c:1160:6:BatCheck	16	static
main.c:1179:6:HAL_TIM_PeriodElapsedCallback	16	static
main.c:1196:6:Error_Handler	4	static
