main.c:142:6:HAL_TIM_IC_CaptureCallback	16	static
main.c:178:5:main	8	static
main.c:338:6:SystemClock_Config	128	static
main.c:392:13:MX_ADC1_Init	48	static
main.c:472:13:MX_ADC2_Init	32	static
main.c:544:13:MX_ADC3_Init	48	static
main.c:607:13:MX_COMP1_Init	8	static
main.c:642:13:MX_COMP2_Init	8	static
main.c:677:13:MX_COMP4_Init	8	static
main.c:712:13:MX_COMP7_Init	8	static
main.c:747:13:MX_I2C1_Init	8	static
main.c:793:13:MX_OPAMP1_Init	8	static
main.c:825:13:MX_OPAMP2_Init	8	static
main.c:857:13:MX_OPAMP3_Init	8	static
main.c:889:13:MX_TIM1_Init	96	static
main.c:972:13:MX_TIM3_Init	56	static
main.c:1039:13:MX_TIM4_Init	56	static
main.c:1112:13:MX_USART3_UART_Init	8	static
main.c:1145:13:MX_DMA_Init	16	static
main.c:1182:13:MX_GPIO_Init	24	static
main.c:1193:6:HAL_ADC_ConvcpltCallback	16	static
main.c:1205:6:StartDefaultTask	16	static
main.c:1225:6:SlowLoopEntry	16	static
main.c:1243:6:ComsTaskEntry	16	static
main.c:1261:6:BatCheck	16	static
main.c:1280:6:HAL_TIM_PeriodElapsedCallback	16	static
main.c:1297:6:Error_Handler	4	static
