main.c:143:5:main	8	static
main.c:284:6:SystemClock_Config	128	static
main.c:338:13:MX_ADC1_Init	48	static
main.c:418:13:MX_ADC2_Init	32	static
main.c:490:13:MX_ADC3_Init	48	static
main.c:553:13:MX_COMP1_Init	8	static
main.c:588:13:MX_COMP2_Init	8	static
main.c:623:13:MX_COMP4_Init	8	static
main.c:658:13:MX_COMP7_Init	8	static
main.c:693:13:MX_I2C1_Init	8	static
main.c:739:13:MX_OPAMP1_Init	8	static
main.c:771:13:MX_OPAMP2_Init	8	static
main.c:803:13:MX_OPAMP3_Init	8	static
main.c:835:13:MX_TIM1_Init	96	static
main.c:918:13:MX_TIM3_Init	56	static
main.c:985:13:MX_TIM4_Init	56	static
main.c:1058:13:MX_USART3_UART_Init	8	static
main.c:1091:13:MX_DMA_Init	16	static
main.c:1128:13:MX_GPIO_Init	24	static
main.c:1149:6:StartDefaultTask	16	static
main.c:1169:6:SlowLoopEntry	16	static
main.c:1187:6:ComsTaskEntry	16	static
main.c:1205:6:BatCheck	16	static
main.c:1224:6:HAL_TIM_PeriodElapsedCallback	16	static
main.c:1241:6:Error_Handler	4	static
