main.c:143:6:HAL_TIM_IC_CaptureCallback	16	static
main.c:207:5:main	8	static
main.c:385:6:SystemClock_Config	128	static
main.c:439:13:MX_ADC1_Init	72	static
main.c:532:13:MX_ADC2_Init	32	static
main.c:604:13:MX_ADC3_Init	48	static
main.c:667:13:MX_COMP1_Init	8	static
main.c:702:13:MX_COMP2_Init	8	static
main.c:737:13:MX_COMP4_Init	8	static
main.c:772:13:MX_COMP7_Init	8	static
main.c:807:13:MX_I2C1_Init	8	static
main.c:853:13:MX_OPAMP1_Init	8	static
main.c:885:13:MX_OPAMP2_Init	8	static
main.c:917:13:MX_OPAMP3_Init	8	static
main.c:949:13:MX_TIM1_Init	96	static
main.c:1032:13:MX_TIM3_Init	56	static
main.c:1099:13:MX_TIM4_Init	56	static
main.c:1172:13:MX_USART3_UART_Init	8	static
main.c:1205:13:MX_DMA_Init	16	static
main.c:1242:13:MX_GPIO_Init	24	static
main.c:1253:6:HAL_ADC_ConvcpltCallback	16	static
main.c:1265:6:StartDefaultTask	16	static
main.c:1285:6:SlowLoopEntry	16	static
main.c:1303:6:ComsTaskEntry	16	static
main.c:1321:6:BatCheck	16	static
main.c:1340:6:HAL_TIM_PeriodElapsedCallback	16	static
main.c:1357:6:Error_Handler	4	static
