MESCfoc.c:16:6:motor_init	4	static
MESCfoc.c:24:6:hw_init	4	static
MESCfoc.c:36:6:fastLoop	16	static
MESCfoc.c:126:6:V_I_Check	8	static
MESCfoc.c:134:6:ADCConversion	4	static
MESCfoc.c:145:6:GenerateBreak	8	static
MESCfoc.c:154:5:GetHallState	24	static
MESCfoc.c:191:6:measureResistance	8	static
MESCfoc.c:241:6:measureInductance	4	static
MESCfoc.c:255:6:phU_Break	4	static
MESCfoc.c:265:6:phU_Enable	4	static
MESCfoc.c:275:6:phV_Break	4	static
MESCfoc.c:285:6:phV_Enable	4	static
MESCfoc.c:295:6:phW_Break	4	static
MESCfoc.c:305:6:phW_Enable	4	static
