stm32f3xx_it.c:82:6:NMI_Handler	4	static
stm32f3xx_it.c:95:6:HardFault_Handler	4	static
stm32f3xx_it.c:110:6:MemManage_Handler	4	static
stm32f3xx_it.c:125:6:BusFault_Handler	4	static
stm32f3xx_it.c:140:6:UsageFault_Handler	4	static
stm32f3xx_it.c:155:6:DebugMon_Handler	4	static
stm32f3xx_it.c:175:6:DMA1_Channel1_IRQHandler	8	static
stm32f3xx_it.c:193:6:DMA1_Channel2_IRQHandler	8	static
stm32f3xx_it.c:207:6:DMA1_Channel3_IRQHandler	8	static
stm32f3xx_it.c:221:6:DMA1_Channel6_IRQHandler	8	static
stm32f3xx_it.c:235:6:DMA1_Channel7_IRQHandler	8	static
stm32f3xx_it.c:249:6:ADC1_2_IRQHandler	8	static
stm32f3xx_it.c:265:6:USB_LP_CAN_RX0_IRQHandler	8	static
stm32f3xx_it.c:279:6:TIM3_IRQHandler	8	static
stm32f3xx_it.c:293:6:TIM7_IRQHandler	8	static
stm32f3xx_it.c:307:6:DMA2_Channel1_IRQHandler	8	static
stm32f3xx_it.c:321:6:DMA2_Channel5_IRQHandler	8	static
