stm32f3xx_it.c:84:6:NMI_Handler	4	static
stm32f3xx_it.c:97:6:HardFault_Handler	4	static
stm32f3xx_it.c:112:6:MemManage_Handler	4	static
stm32f3xx_it.c:127:6:BusFault_Handler	4	static
stm32f3xx_it.c:142:6:UsageFault_Handler	4	static
stm32f3xx_it.c:157:6:DebugMon_Handler	4	static
stm32f3xx_it.c:177:6:DMA1_Channel1_IRQHandler	8	static
stm32f3xx_it.c:191:6:DMA1_Channel2_IRQHandler	8	static
stm32f3xx_it.c:205:6:DMA1_Channel3_IRQHandler	8	static
stm32f3xx_it.c:219:6:DMA1_Channel6_IRQHandler	8	static
stm32f3xx_it.c:233:6:DMA1_Channel7_IRQHandler	8	static
stm32f3xx_it.c:247:6:ADC1_2_IRQHandler	8	static
stm32f3xx_it.c:262:6:USB_LP_CAN_RX0_IRQHandler	8	static
stm32f3xx_it.c:276:6:TIM3_IRQHandler	8	static
stm32f3xx_it.c:290:6:TIM7_IRQHandler	8	static
stm32f3xx_it.c:304:6:DMA2_Channel1_IRQHandler	8	static
stm32f3xx_it.c:318:6:DMA2_Channel5_IRQHandler	8	static
